20:29:35 **** Auto Build of configuration Debug for project final ****
make pre-build main-build 
a9-linaro-pre-build-step
' '
'Building file: ../src/xgpio_example.c'
'Invoking: ARM v7 gcc compiler'
arm-none-eabi-gcc -Wall -O0 -g3 -c -fmessage-length=0 -MT"src/xgpio_example.o" -mcpu=cortex-a9 -mfpu=vfpv3 -mfloat-abi=hard -I../../final_bsp/ps7_cortexa9_0/include -MMD -MP -MF"src/xgpio_example.d" -MT"src/xgpio_example.o" -o "src/xgpio_example.o" "../src/xgpio_example.c"
../src/xgpio_example.c: In function 'main':
../src/xgpio_example.c:160:6: warning: variable 'ourdata6' set but not used [-Wunused-but-set-variable]
  u32 ourdata6[8192];
      ^~~~~~~~
../src/xgpio_example.c:159:6: warning: variable 'ourdata5' set but not used [-Wunused-but-set-variable]
  u32 ourdata5[8192];
      ^~~~~~~~
../src/xgpio_example.c:158:6: warning: variable 'ourdata4' set but not used [-Wunused-but-set-variable]
  u32 ourdata4[8192];
      ^~~~~~~~
../src/xgpio_example.c:157:6: warning: variable 'ourdata3' set but not used [-Wunused-but-set-variable]
  u32 ourdata3[8192];
      ^~~~~~~~
../src/xgpio_example.c:156:6: warning: variable 'ourdata2' set but not used [-Wunused-but-set-variable]
  u32 ourdata2[8192];
      ^~~~~~~~
../src/xgpio_example.c:155:6: warning: variable 'ourdata1' set but not used [-Wunused-but-set-variable]
  u32 ourdata1[8192];
      ^~~~~~~~
../src/xgpio_example.c:153:15: warning: unused variable 'Delay' [-Wunused-variable]
  volatile int Delay;
               ^~~~~
'Finished building: ../src/xgpio_example.c'
' '
'Building target: final.elf'
'Invoking: ARM v7 gcc linker'
arm-none-eabi-gcc -mcpu=cortex-a9 -mfpu=vfpv3 -mfloat-abi=hard -Wl,-build-id=none -specs=Xilinx.spec -Wl,-T -Wl,../src/lscript.ld -L../../final_bsp/ps7_cortexa9_0/lib -o "final.elf"  ./src/platform.o ./src/xgpio_example.o   -Wl,--start-group,-lxil,-lgcc,-lc,--end-group
'Finished building target: final.elf'
' '
'Invoking: ARM v7 Print Size'
arm-none-eabi-size final.elf  |tee "final.elf.size"
   text	   data	    bss	    dec	    hex	filename
  75080	   2636	 269152	 346868	  54af4	final.elf
'Finished building: final.elf.size'
' '

20:29:36 Build Finished (took 1s.293ms)

