16:43:35 **** Build of project pleasebaoyou_bsp ****
make -k all 
"Running Make include in ps7_cortexa9_0/libsrc/coresightps_dcc_v1_4/src"
make -C ps7_cortexa9_0/libsrc/coresightps_dcc_v1_4/src -s include  "SHELL=CMD" "COMPILER=arm-none-eabi-gcc" "ARCHIVER=arm-none-eabi-ar" "COMPILER_FLAGS=  -O2 -c" "EXTRA_COMPILER_FLAGS=-mcpu=cortex-a9 -mfpu=vfpv3 -mfloat-abi=hard -nostartfiles -Wall -Wextra"
"Running Make include in ps7_cortexa9_0/libsrc/cpu_cortexa9_v2_5/src"
make -C ps7_cortexa9_0/libsrc/cpu_cortexa9_v2_5/src -s include  "SHELL=CMD" "COMPILER=arm-none-eabi-gcc" "ARCHIVER=arm-none-eabi-ar" "COMPILER_FLAGS=  -O2 -c" "EXTRA_COMPILER_FLAGS=-mcpu=cortex-a9 -mfpu=vfpv3 -mfloat-abi=hard -nostartfiles -Wall -Wextra"
"Running Make include in ps7_cortexa9_0/libsrc/ddrps_v1_0/src"
make -C ps7_cortexa9_0/libsrc/ddrps_v1_0/src -s include  "SHELL=CMD" "COMPILER=arm-none-eabi-gcc" "ARCHIVER=arm-none-eabi-ar" "COMPILER_FLAGS=  -O2 -c" "EXTRA_COMPILER_FLAGS=-mcpu=cortex-a9 -mfpu=vfpv3 -mfloat-abi=hard -nostartfiles -Wall -Wextra"
"Running Make include in ps7_cortexa9_0/libsrc/devcfg_v3_5/src"
make -C ps7_cortexa9_0/libsrc/devcfg_v3_5/src -s include  "SHELL=CMD" "COMPILER=arm-none-eabi-gcc" "ARCHIVER=arm-none-eabi-ar" "COMPILER_FLAGS=  -O2 -c" "EXTRA_COMPILER_FLAGS=-mcpu=cortex-a9 -mfpu=vfpv3 -mfloat-abi=hard -nostartfiles -Wall -Wextra"
"Running Make include in ps7_cortexa9_0/libsrc/dmaps_v2_3/src"
make -C ps7_cortexa9_0/libsrc/dmaps_v2_3/src -s include  "SHELL=CMD" "COMPILER=arm-none-eabi-gcc" "ARCHIVER=arm-none-eabi-ar" "COMPILER_FLAGS=  -O2 -c" "EXTRA_COMPILER_FLAGS=-mcpu=cortex-a9 -mfpu=vfpv3 -mfloat-abi=hard -nostartfiles -Wall -Wextra"
"Running Make include in ps7_cortexa9_0/libsrc/emacps_v3_6/src"
make -C ps7_cortexa9_0/libsrc/emacps_v3_6/src -s include  "SHELL=CMD" "COMPILER=arm-none-eabi-gcc" "ARCHIVER=arm-none-eabi-ar" "COMPILER_FLAGS=  -O2 -c" "EXTRA_COMPILER_FLAGS=-mcpu=cortex-a9 -mfpu=vfpv3 -mfloat-abi=hard -nostartfiles -Wall -Wextra"
"Running Make include in ps7_cortexa9_0/libsrc/gpio_v4_3/src"
make -C ps7_cortexa9_0/libsrc/gpio_v4_3/src -s include  "SHELL=CMD" "COMPILER=arm-none-eabi-gcc" "ARCHIVER=arm-none-eabi-ar" "COMPILER_FLAGS=  -O2 -c" "EXTRA_COMPILER_FLAGS=-mcpu=cortex-a9 -mfpu=vfpv3 -mfloat-abi=hard -nostartfiles -Wall -Wextra"
"Running Make include in ps7_cortexa9_0/libsrc/gpiops_v3_3/src"
make -C ps7_cortexa9_0/libsrc/gpiops_v3_3/src -s include  "SHELL=CMD" "COMPILER=arm-none-eabi-gcc" "ARCHIVER=arm-none-eabi-ar" "COMPILER_FLAGS=  -O2 -c" "EXTRA_COMPILER_FLAGS=-mcpu=cortex-a9 -mfpu=vfpv3 -mfloat-abi=hard -nostartfiles -Wall -Wextra"
"Running Make include in ps7_cortexa9_0/libsrc/qspips_v3_4/src"
make -C ps7_cortexa9_0/libsrc/qspips_v3_4/src -s include  "SHELL=CMD" "COMPILER=arm-none-eabi-gcc" "ARCHIVER=arm-none-eabi-ar" "COMPILER_FLAGS=  -O2 -c" "EXTRA_COMPILER_FLAGS=-mcpu=cortex-a9 -mfpu=vfpv3 -mfloat-abi=hard -nostartfiles -Wall -Wextra"
"Running Make include in ps7_cortexa9_0/libsrc/scugic_v3_8/src"
make -C ps7_cortexa9_0/libsrc/scugic_v3_8/src -s include  "SHELL=CMD" "COMPILER=arm-none-eabi-gcc" "ARCHIVER=arm-none-eabi-ar" "COMPILER_FLAGS=  -O2 -c" "EXTRA_COMPILER_FLAGS=-mcpu=cortex-a9 -mfpu=vfpv3 -mfloat-abi=hard -nostartfiles -Wall -Wextra"
"Running Make include in ps7_cortexa9_0/libsrc/scutimer_v2_1/src"
make -C ps7_cortexa9_0/libsrc/scutimer_v2_1/src -s include  "SHELL=CMD" "COMPILER=arm-none-eabi-gcc" "ARCHIVER=arm-none-eabi-ar" "COMPILER_FLAGS=  -O2 -c" "EXTRA_COMPILER_FLAGS=-mcpu=cortex-a9 -mfpu=vfpv3 -mfloat-abi=hard -nostartfiles -Wall -Wextra"
"Running Make include in ps7_cortexa9_0/libsrc/scuwdt_v2_1/src"
make -C ps7_cortexa9_0/libsrc/scuwdt_v2_1/src -s include  "SHELL=CMD" "COMPILER=arm-none-eabi-gcc" "ARCHIVER=arm-none-eabi-ar" "COMPILER_FLAGS=  -O2 -c" "EXTRA_COMPILER_FLAGS=-mcpu=cortex-a9 -mfpu=vfpv3 -mfloat-abi=hard -nostartfiles -Wall -Wextra"
"Running Make include in ps7_cortexa9_0/libsrc/sdps_v3_3/src"
make -C ps7_cortexa9_0/libsrc/sdps_v3_3/src -s include  "SHELL=CMD" "COMPILER=arm-none-eabi-gcc" "ARCHIVER=arm-none-eabi-ar" "COMPILER_FLAGS=  -O2 -c" "EXTRA_COMPILER_FLAGS=-mcpu=cortex-a9 -mfpu=vfpv3 -mfloat-abi=hard -nostartfiles -Wall -Wextra"
"Running Make include in ps7_cortexa9_0/libsrc/standalone_v6_5/src"
make -C ps7_cortexa9_0/libsrc/standalone_v6_5/src -s include  "SHELL=CMD" "COMPILER=arm-none-eabi-gcc" "ARCHIVER=arm-none-eabi-ar" "COMPILER_FLAGS=  -O2 -c" "EXTRA_COMPILER_FLAGS=-mcpu=cortex-a9 -mfpu=vfpv3 -mfloat-abi=hard -nostartfiles -Wall -Wextra"
"Running Make include in ps7_cortexa9_0/libsrc/uartps_v3_5/src"
make -C ps7_cortexa9_0/libsrc/uartps_v3_5/src -s include  "SHELL=CMD" "COMPILER=arm-none-eabi-gcc" "ARCHIVER=arm-none-eabi-ar" "COMPILER_FLAGS=  -O2 -c" "EXTRA_COMPILER_FLAGS=-mcpu=cortex-a9 -mfpu=vfpv3 -mfloat-abi=hard -nostartfiles -Wall -Wextra"
"Running Make include in ps7_cortexa9_0/libsrc/usbps_v2_4/src"
make -C ps7_cortexa9_0/libsrc/usbps_v2_4/src -s include  "SHELL=CMD" "COMPILER=arm-none-eabi-gcc" "ARCHIVER=arm-none-eabi-ar" "COMPILER_FLAGS=  -O2 -c" "EXTRA_COMPILER_FLAGS=-mcpu=cortex-a9 -mfpu=vfpv3 -mfloat-abi=hard -nostartfiles -Wall -Wextra"
"Running Make include in ps7_cortexa9_0/libsrc/xadcps_v2_2/src"
make -C ps7_cortexa9_0/libsrc/xadcps_v2_2/src -s include  "SHELL=CMD" "COMPILER=arm-none-eabi-gcc" "ARCHIVER=arm-none-eabi-ar" "COMPILER_FLAGS=  -O2 -c" "EXTRA_COMPILER_FLAGS=-mcpu=cortex-a9 -mfpu=vfpv3 -mfloat-abi=hard -nostartfiles -Wall -Wextra"
"Running Make libs in ps7_cortexa9_0/libsrc/coresightps_dcc_v1_4/src"
make -C ps7_cortexa9_0/libsrc/coresightps_dcc_v1_4/src -s libs  "SHELL=CMD" "COMPILER=arm-none-eabi-gcc" "ARCHIVER=arm-none-eabi-ar" "COMPILER_FLAGS=  -O2 -c" "EXTRA_COMPILER_FLAGS=-mcpu=cortex-a9 -mfpu=vfpv3 -mfloat-abi=hard -nostartfiles -Wall -Wextra"
"Compiling coresightps_dcc"
arm-none-eabi-ar: creating ../../../lib/libxil.a
"Running Make libs in ps7_cortexa9_0/libsrc/cpu_cortexa9_v2_5/src"
make -C ps7_cortexa9_0/libsrc/cpu_cortexa9_v2_5/src -s libs  "SHELL=CMD" "COMPILER=arm-none-eabi-gcc" "ARCHIVER=arm-none-eabi-ar" "COMPILER_FLAGS=  -O2 -c" "EXTRA_COMPILER_FLAGS=-mcpu=cortex-a9 -mfpu=vfpv3 -mfloat-abi=hard -nostartfiles -Wall -Wextra"
"Compiling cpu_cortexa9"
"Running Make libs in ps7_cortexa9_0/libsrc/ddrps_v1_0/src"
make -C ps7_cortexa9_0/libsrc/ddrps_v1_0/src -s libs  "SHELL=CMD" "COMPILER=arm-none-eabi-gcc" "ARCHIVER=arm-none-eabi-ar" "COMPILER_FLAGS=  -O2 -c" "EXTRA_COMPILER_FLAGS=-mcpu=cortex-a9 -mfpu=vfpv3 -mfloat-abi=hard -nostartfiles -Wall -Wextra"
"Compiling ddrps"
"Running Make libs in ps7_cortexa9_0/libsrc/devcfg_v3_5/src"
make -C ps7_cortexa9_0/libsrc/devcfg_v3_5/src -s libs  "SHELL=CMD" "COMPILER=arm-none-eabi-gcc" "ARCHIVER=arm-none-eabi-ar" "COMPILER_FLAGS=  -O2 -c" "EXTRA_COMPILER_FLAGS=-mcpu=cortex-a9 -mfpu=vfpv3 -mfloat-abi=hard -nostartfiles -Wall -Wextra"
"Compiling devcfg"
"Running Make libs in ps7_cortexa9_0/libsrc/dmaps_v2_3/src"
make -C ps7_cortexa9_0/libsrc/dmaps_v2_3/src -s libs  "SHELL=CMD" "COMPILER=arm-none-eabi-gcc" "ARCHIVER=arm-none-eabi-ar" "COMPILER_FLAGS=  -O2 -c" "EXTRA_COMPILER_FLAGS=-mcpu=cortex-a9 -mfpu=vfpv3 -mfloat-abi=hard -nostartfiles -Wall -Wextra"
"Compiling dmaps"
"Running Make libs in ps7_cortexa9_0/libsrc/emacps_v3_6/src"
make -C ps7_cortexa9_0/libsrc/emacps_v3_6/src -s libs  "SHELL=CMD" "COMPILER=arm-none-eabi-gcc" "ARCHIVER=arm-none-eabi-ar" "COMPILER_FLAGS=  -O2 -c" "EXTRA_COMPILER_FLAGS=-mcpu=cortex-a9 -mfpu=vfpv3 -mfloat-abi=hard -nostartfiles -Wall -Wextra"
"Compiling emacps"
"Running Make libs in ps7_cortexa9_0/libsrc/gpio_v4_3/src"
make -C ps7_cortexa9_0/libsrc/gpio_v4_3/src -s libs  "SHELL=CMD" "COMPILER=arm-none-eabi-gcc" "ARCHIVER=arm-none-eabi-ar" "COMPILER_FLAGS=  -O2 -c" "EXTRA_COMPILER_FLAGS=-mcpu=cortex-a9 -mfpu=vfpv3 -mfloat-abi=hard -nostartfiles -Wall -Wextra"
"Compiling gpio"
"Running Make libs in ps7_cortexa9_0/libsrc/gpiops_v3_3/src"
make -C ps7_cortexa9_0/libsrc/gpiops_v3_3/src -s libs  "SHELL=CMD" "COMPILER=arm-none-eabi-gcc" "ARCHIVER=arm-none-eabi-ar" "COMPILER_FLAGS=  -O2 -c" "EXTRA_COMPILER_FLAGS=-mcpu=cortex-a9 -mfpu=vfpv3 -mfloat-abi=hard -nostartfiles -Wall -Wextra"
"Compiling gpiops"
"Running Make libs in ps7_cortexa9_0/libsrc/qspips_v3_4/src"
make -C ps7_cortexa9_0/libsrc/qspips_v3_4/src -s libs  "SHELL=CMD" "COMPILER=arm-none-eabi-gcc" "ARCHIVER=arm-none-eabi-ar" "COMPILER_FLAGS=  -O2 -c" "EXTRA_COMPILER_FLAGS=-mcpu=cortex-a9 -mfpu=vfpv3 -mfloat-abi=hard -nostartfiles -Wall -Wextra"
"Compiling qspips"
"Running Make libs in ps7_cortexa9_0/libsrc/scugic_v3_8/src"
make -C ps7_cortexa9_0/libsrc/scugic_v3_8/src -s libs  "SHELL=CMD" "COMPILER=arm-none-eabi-gcc" "ARCHIVER=arm-none-eabi-ar" "COMPILER_FLAGS=  -O2 -c" "EXTRA_COMPILER_FLAGS=-mcpu=cortex-a9 -mfpu=vfpv3 -mfloat-abi=hard -nostartfiles -Wall -Wextra"
"Compiling scugic"
"Running Make libs in ps7_cortexa9_0/libsrc/scutimer_v2_1/src"
make -C ps7_cortexa9_0/libsrc/scutimer_v2_1/src -s libs  "SHELL=CMD" "COMPILER=arm-none-eabi-gcc" "ARCHIVER=arm-none-eabi-ar" "COMPILER_FLAGS=  -O2 -c" "EXTRA_COMPILER_FLAGS=-mcpu=cortex-a9 -mfpu=vfpv3 -mfloat-abi=hard -nostartfiles -Wall -Wextra"
"Compiling scutimer"
"Running Make libs in ps7_cortexa9_0/libsrc/scuwdt_v2_1/src"
make -C ps7_cortexa9_0/libsrc/scuwdt_v2_1/src -s libs  "SHELL=CMD" "COMPILER=arm-none-eabi-gcc" "ARCHIVER=arm-none-eabi-ar" "COMPILER_FLAGS=  -O2 -c" "EXTRA_COMPILER_FLAGS=-mcpu=cortex-a9 -mfpu=vfpv3 -mfloat-abi=hard -nostartfiles -Wall -Wextra"
"Compiling scuwdt"
"Running Make libs in ps7_cortexa9_0/libsrc/sdps_v3_3/src"
make -C ps7_cortexa9_0/libsrc/sdps_v3_3/src -s libs  "SHELL=CMD" "COMPILER=arm-none-eabi-gcc" "ARCHIVER=arm-none-eabi-ar" "COMPILER_FLAGS=  -O2 -c" "EXTRA_COMPILER_FLAGS=-mcpu=cortex-a9 -mfpu=vfpv3 -mfloat-abi=hard -nostartfiles -Wall -Wextra"
"Compiling sdps"
"Running Make libs in ps7_cortexa9_0/libsrc/standalone_v6_5/src"
make -C ps7_cortexa9_0/libsrc/standalone_v6_5/src -s libs  "SHELL=CMD" "COMPILER=arm-none-eabi-gcc" "ARCHIVER=arm-none-eabi-ar" "COMPILER_FLAGS=  -O2 -c" "EXTRA_COMPILER_FLAGS=-mcpu=cortex-a9 -mfpu=vfpv3 -mfloat-abi=hard -nostartfiles -Wall -Wextra"
"Compiling standalone"
"Running Make libs in ps7_cortexa9_0/libsrc/uartps_v3_5/src"
make -C ps7_cortexa9_0/libsrc/uartps_v3_5/src -s libs  "SHELL=CMD" "COMPILER=arm-none-eabi-gcc" "ARCHIVER=arm-none-eabi-ar" "COMPILER_FLAGS=  -O2 -c" "EXTRA_COMPILER_FLAGS=-mcpu=cortex-a9 -mfpu=vfpv3 -mfloat-abi=hard -nostartfiles -Wall -Wextra"
"Compiling uartps"
"Running Make libs in ps7_cortexa9_0/libsrc/usbps_v2_4/src"
make -C ps7_cortexa9_0/libsrc/usbps_v2_4/src -s libs  "SHELL=CMD" "COMPILER=arm-none-eabi-gcc" "ARCHIVER=arm-none-eabi-ar" "COMPILER_FLAGS=  -O2 -c" "EXTRA_COMPILER_FLAGS=-mcpu=cortex-a9 -mfpu=vfpv3 -mfloat-abi=hard -nostartfiles -Wall -Wextra"
"Compiling usbps"
"Running Make libs in ps7_cortexa9_0/libsrc/xadcps_v2_2/src"
make -C ps7_cortexa9_0/libsrc/xadcps_v2_2/src -s libs  "SHELL=CMD" "COMPILER=arm-none-eabi-gcc" "ARCHIVER=arm-none-eabi-ar" "COMPILER_FLAGS=  -O2 -c" "EXTRA_COMPILER_FLAGS=-mcpu=cortex-a9 -mfpu=vfpv3 -mfloat-abi=hard -nostartfiles -Wall -Wextra"
"Compiling xadcps"
'Finished building libraries'
16:44:07 **** Build of configuration Debug for project pleasebaoyou ****
make pre-build main-build 
a9-linaro-pre-build-step
' '
'Building file: ../src/helloworld.c'
'Invoking: ARM v7 gcc compiler'
arm-none-eabi-gcc -Wall -O0 -g3 -c -fmessage-length=0 -MT"src/helloworld.o" -mcpu=cortex-a9 -mfpu=vfpv3 -mfloat-abi=hard -I../../pleasebaoyou_bsp/ps7_cortexa9_0/include -MMD -MP -MF"src/helloworld.d" -MT"src/helloworld.o" -o "src/helloworld.o" "../src/helloworld.c"
'Finished building: ../src/helloworld.c'
' '
'Building file: ../src/platform.c'
'Invoking: ARM v7 gcc compiler'
arm-none-eabi-gcc -Wall -O0 -g3 -c -fmessage-length=0 -MT"src/platform.o" -mcpu=cortex-a9 -mfpu=vfpv3 -mfloat-abi=hard -I../../pleasebaoyou_bsp/ps7_cortexa9_0/include -MMD -MP -MF"src/platform.d" -MT"src/platform.o" -o "src/platform.o" "../src/platform.c"
'Finished building: ../src/platform.c'
' '
'Building target: pleasebaoyou.elf'
'Invoking: ARM v7 gcc linker'
arm-none-eabi-gcc -mcpu=cortex-a9 -mfpu=vfpv3 -mfloat-abi=hard -Wl,-build-id=none -specs=Xilinx.spec -Wl,-T -Wl,../src/lscript.ld -L../../pleasebaoyou_bsp/ps7_cortexa9_0/lib -o "pleasebaoyou.elf"  ./src/helloworld.o ./src/platform.o   -Wl,--start-group,-lxil,-lgcc,-lc,--end-group
'Finished building target: pleasebaoyou.elf'
' '
'Invoking: ARM v7 Print Size'
arm-none-eabi-size pleasebaoyou.elf  |tee "pleasebaoyou.elf.size"
   text	   data	    bss	    dec	    hex	filename
  19380	   1148	  22568	  43096	   a858	pleasebaoyou.elf
'Finished building: pleasebaoyou.elf.size'
' '
16:44:15 **** Build of configuration Debug for project pleasebaoyou_bsp_xgpio_example_1 ****
make pre-build main-build 
a9-linaro-pre-build-step
' '
'Building file: ../src/xgpio_example.c'
'Invoking: ARM v7 gcc compiler'
arm-none-eabi-gcc -Wall -O0 -g3 -c -fmessage-length=0 -MT"src/xgpio_example.o" -mcpu=cortex-a9 -mfpu=vfpv3 -mfloat-abi=hard -I../../pleasebaoyou_bsp/ps7_cortexa9_0/include -MMD -MP -MF"src/xgpio_example.d" -MT"src/xgpio_example.o" -o "src/xgpio_example.o" "../src/xgpio_example.c"
'Finished building: ../src/xgpio_example.c'
' '
'Building target: pleasebaoyou_bsp_xgpio_example_1.elf'
'Invoking: ARM v7 gcc linker'
arm-none-eabi-gcc -mcpu=cortex-a9 -mfpu=vfpv3 -mfloat-abi=hard -Wl,-build-id=none -specs=Xilinx.spec -Wl,-T -Wl,../src/lscript.ld -L../../pleasebaoyou_bsp/ps7_cortexa9_0/lib -o "pleasebaoyou_bsp_xgpio_example_1.elf"  ./src/xgpio_example.o   -Wl,--start-group,-lxil,-lgcc,-lc,--end-group
'Finished building target: pleasebaoyou_bsp_xgpio_example_1.elf'
' '
'Invoking: ARM v7 Print Size'
arm-none-eabi-size pleasebaoyou_bsp_xgpio_example_1.elf  |tee "pleasebaoyou_bsp_xgpio_example_1.elf.size"
   text	   data	    bss	    dec	    hex	filename
  23712	   1172	  22600	  47484	   b97c	pleasebaoyou_bsp_xgpio_example_1.elf
'Finished building: pleasebaoyou_bsp_xgpio_example_1.elf.size'
' '
16:52:03 **** Auto Build of configuration Debug for project pleasebaoyou_bsp_xgpio_example_1 ****
make pre-build main-build 
a9-linaro-pre-build-step
' '
'Building file: ../src/xgpio_example.c'
'Invoking: ARM v7 gcc compiler'
arm-none-eabi-gcc -Wall -O0 -g3 -c -fmessage-length=0 -MT"src/xgpio_example.o" -mcpu=cortex-a9 -mfpu=vfpv3 -mfloat-abi=hard -I../../pleasebaoyou_bsp/ps7_cortexa9_0/include -MMD -MP -MF"src/xgpio_example.d" -MT"src/xgpio_example.o" -o "src/xgpio_example.o" "../src/xgpio_example.c"
../src/xgpio_example.c: In function 'main':
../src/xgpio_example.c:163:7: error: 'i' undeclared (first use in this function)
   for(i=0;i<1048576;i++)
       ^
../src/xgpio_example.c:163:7: note: each undeclared identifier is reported only once for each function it appears in
../src/xgpio_example.c:165:4: error: 'ourdata' undeclared (first use in this function)
    ourdata[i]=XGpio_DiscreteRead(&Gpio,1);
    ^~~~~~~
../src/xgpio_example.c:148:15: warning: unused variable 'Delay' [-Wunused-variable]
  volatile int Delay;
               ^~~~~
make: *** [src/xgpio_example.o] ´íÎó 1
16:52:04 **** Incremental Build of configuration Debug for project pleasebaoyou_bsp_xgpio_example_1 ****
make pre-build main-build 
a9-linaro-pre-build-step
' '
'Building file: ../src/xgpio_example.c'
'Invoking: ARM v7 gcc compiler'
arm-none-eabi-gcc -Wall -O0 -g3 -c -fmessage-length=0 -MT"src/xgpio_example.o" -mcpu=cortex-a9 -mfpu=vfpv3 -mfloat-abi=hard -I../../pleasebaoyou_bsp/ps7_cortexa9_0/include -MMD -MP -MF"src/xgpio_example.d" -MT"src/xgpio_example.o" -o "src/xgpio_example.o" "../src/xgpio_example.c"
../src/xgpio_example.c: In function 'main':
../src/xgpio_example.c:163:7: error: 'i' undeclared (first use in this function)
   for(i=0;i<1048576;i++)
       ^
../src/xgpio_example.c:163:7: note: each undeclared identifier is reported only once for each function it appears in
../src/xgpio_example.c:165:4: error: 'ourdata' undeclared (first use in this function)
    ourdata[i]=XGpio_DiscreteRead(&Gpio,1);
    ^~~~~~~
../src/xgpio_example.c:148:15: warning: unused variable 'Delay' [-Wunused-variable]
  volatile int Delay;
               ^~~~~
make: *** [src/xgpio_example.o] ´íÎó 1
16:53:20 **** Auto Build of configuration Debug for project pleasebaoyou_bsp_xgpio_example_1 ****
make pre-build main-build 
a9-linaro-pre-build-step
' '
'Building file: ../src/xgpio_example.c'
'Invoking: ARM v7 gcc compiler'
arm-none-eabi-gcc -Wall -O0 -g3 -c -fmessage-length=0 -MT"src/xgpio_example.o" -mcpu=cortex-a9 -mfpu=vfpv3 -mfloat-abi=hard -I../../pleasebaoyou_bsp/ps7_cortexa9_0/include -MMD -MP -MF"src/xgpio_example.d" -MT"src/xgpio_example.o" -o "src/xgpio_example.o" "../src/xgpio_example.c"
../src/xgpio_example.c: In function 'main':
../src/xgpio_example.c:151:11: warning: variable 'ourdata' set but not used [-Wunused-but-set-variable]
  long int ourdata[1048576];
           ^~~~~~~
../src/xgpio_example.c:148:15: warning: unused variable 'Delay' [-Wunused-variable]
  volatile int Delay;
               ^~~~~
'Finished building: ../src/xgpio_example.c'
' '
'Building target: pleasebaoyou_bsp_xgpio_example_1.elf'
'Invoking: ARM v7 gcc linker'
arm-none-eabi-gcc -mcpu=cortex-a9 -mfpu=vfpv3 -mfloat-abi=hard -Wl,-build-id=none -specs=Xilinx.spec -Wl,-T -Wl,../src/lscript.ld -L../../pleasebaoyou_bsp/ps7_cortexa9_0/lib -o "pleasebaoyou_bsp_xgpio_example_1.elf"  ./src/xgpio_example.o   -Wl,--start-group,-lxil,-lgcc,-lc,--end-group
'Finished building target: pleasebaoyou_bsp_xgpio_example_1.elf'
' '
'Invoking: ARM v7 Print Size'
arm-none-eabi-size pleasebaoyou_bsp_xgpio_example_1.elf  |tee "pleasebaoyou_bsp_xgpio_example_1.elf.size"
   text	   data	    bss	    dec	    hex	filename
  23312	   1172	  22600	  47084	   b7ec	pleasebaoyou_bsp_xgpio_example_1.elf
'Finished building: pleasebaoyou_bsp_xgpio_example_1.elf.size'
' '
16:53:26 **** Incremental Build of configuration Debug for project pleasebaoyou ****
make pre-build main-build 
a9-linaro-pre-build-step
' '
make: Nothing to be done for `main-build'.
16:53:27 **** Incremental Build of configuration Debug for project pleasebaoyou_bsp_xgpio_example_1 ****
make pre-build main-build 
a9-linaro-pre-build-step
' '
make: Nothing to be done for `main-build'.
16:53:31 **** Incremental Build of configuration Debug for project pleasebaoyou_bsp_xgpio_example_1 ****
make pre-build main-build 
a9-linaro-pre-build-step
' '
make: Nothing to be done for `main-build'.
16:59:15 **** Auto Build of configuration Debug for project pleasebaoyou_bsp_xgpio_example_1 ****
make pre-build main-build 
a9-linaro-pre-build-step
' '
'Building file: ../src/xgpio_example.c'
'Invoking: ARM v7 gcc compiler'
arm-none-eabi-gcc -Wall -O0 -g3 -c -fmessage-length=0 -MT"src/xgpio_example.o" -mcpu=cortex-a9 -mfpu=vfpv3 -mfloat-abi=hard -I../../pleasebaoyou_bsp/ps7_cortexa9_0/include -MMD -MP -MF"src/xgpio_example.d" -MT"src/xgpio_example.o" -o "src/xgpio_example.o" "../src/xgpio_example.c"
../src/xgpio_example.c: In function 'main':
../src/xgpio_example.c:151:11: warning: variable 'ourdata' set but not used [-Wunused-but-set-variable]
  long int ourdata[1048576];
           ^~~~~~~
../src/xgpio_example.c:148:15: warning: unused variable 'Delay' [-Wunused-variable]
  volatile int Delay;
               ^~~~~
'Finished building: ../src/xgpio_example.c'
' '
'Building target: pleasebaoyou_bsp_xgpio_example_1.elf'
'Invoking: ARM v7 gcc linker'
arm-none-eabi-gcc -mcpu=cortex-a9 -mfpu=vfpv3 -mfloat-abi=hard -Wl,-build-id=none -specs=Xilinx.spec -Wl,-T -Wl,../src/lscript.ld -L../../pleasebaoyou_bsp/ps7_cortexa9_0/lib -o "pleasebaoyou_bsp_xgpio_example_1.elf"  ./src/xgpio_example.o   -Wl,--start-group,-lxil,-lgcc,-lc,--end-group
'Finished building target: pleasebaoyou_bsp_xgpio_example_1.elf'
' '
'Invoking: ARM v7 Print Size'
arm-none-eabi-size pleasebaoyou_bsp_xgpio_example_1.elf  |tee "pleasebaoyou_bsp_xgpio_example_1.elf.size"
   text	   data	    bss	    dec	    hex	filename
  23312	   1172	  22600	  47084	   b7ec	pleasebaoyou_bsp_xgpio_example_1.elf
'Finished building: pleasebaoyou_bsp_xgpio_example_1.elf.size'
' '
16:59:17 **** Incremental Build of configuration Debug for project pleasebaoyou ****
make pre-build main-build 
a9-linaro-pre-build-step
' '
make: Nothing to be done for `main-build'.
16:59:17 **** Incremental Build of configuration Debug for project pleasebaoyou_bsp_xgpio_example_1 ****
make pre-build main-build 
a9-linaro-pre-build-step
' '
make: Nothing to be done for `main-build'.
16:59:21 **** Incremental Build of configuration Debug for project pleasebaoyou_bsp_xgpio_example_1 ****
make pre-build main-build 
a9-linaro-pre-build-step
' '
make: Nothing to be done for `main-build'.
17:00:44 **** Incremental Build of configuration Debug for project pleasebaoyou ****
make pre-build main-build 
a9-linaro-pre-build-step
' '
make: Nothing to be done for `main-build'.
17:00:45 **** Incremental Build of configuration Debug for project pleasebaoyou_bsp_xgpio_example_1 ****
make pre-build main-build 
a9-linaro-pre-build-step
' '
make: Nothing to be done for `main-build'.
17:00:54 **** Auto Build of configuration Debug for project pleasebaoyou_bsp_xgpio_example_1 ****
make pre-build main-build 
a9-linaro-pre-build-step
' '
'Building file: ../src/xgpio_example.c'
'Invoking: ARM v7 gcc compiler'
arm-none-eabi-gcc -Wall -O0 -g3 -c -fmessage-length=0 -MT"src/xgpio_example.o" -mcpu=cortex-a9 -mfpu=vfpv3 -mfloat-abi=hard -I../../pleasebaoyou_bsp/ps7_cortexa9_0/include -MMD -MP -MF"src/xgpio_example.d" -MT"src/xgpio_example.o" -o "src/xgpio_example.o" "../src/xgpio_example.c"
../src/xgpio_example.c: In function 'main':
../src/xgpio_example.c:151:6: warning: variable 'ourdata' set but not used [-Wunused-but-set-variable]
  u32 ourdata[1024];
      ^~~~~~~
../src/xgpio_example.c:148:15: warning: unused variable 'Delay' [-Wunused-variable]
  volatile int Delay;
               ^~~~~
'Finished building: ../src/xgpio_example.c'
' '
'Building target: pleasebaoyou_bsp_xgpio_example_1.elf'
'Invoking: ARM v7 gcc linker'
arm-none-eabi-gcc -mcpu=cortex-a9 -mfpu=vfpv3 -mfloat-abi=hard -Wl,-build-id=none -specs=Xilinx.spec -Wl,-T -Wl,../src/lscript.ld -L../../pleasebaoyou_bsp/ps7_cortexa9_0/lib -o "pleasebaoyou_bsp_xgpio_example_1.elf"  ./src/xgpio_example.o   -Wl,--start-group,-lxil,-lgcc,-lc,--end-group
'Finished building target: pleasebaoyou_bsp_xgpio_example_1.elf'
' '
'Invoking: ARM v7 Print Size'
arm-none-eabi-size pleasebaoyou_bsp_xgpio_example_1.elf  |tee "pleasebaoyou_bsp_xgpio_example_1.elf.size"
   text	   data	    bss	    dec	    hex	filename
  23312	   1172	  22600	  47084	   b7ec	pleasebaoyou_bsp_xgpio_example_1.elf
'Finished building: pleasebaoyou_bsp_xgpio_example_1.elf.size'
' '
17:01:01 **** Incremental Build of configuration Debug for project pleasebaoyou ****
make pre-build main-build 
a9-linaro-pre-build-step
' '
make: Nothing to be done for `main-build'.
17:01:01 **** Incremental Build of configuration Debug for project pleasebaoyou_bsp_xgpio_example_1 ****
make pre-build main-build 
a9-linaro-pre-build-step
' '
make: Nothing to be done for `main-build'.
17:01:06 **** Incremental Build of configuration Debug for project pleasebaoyou_bsp_xgpio_example_1 ****
make pre-build main-build 
a9-linaro-pre-build-step
' '
make: Nothing to be done for `main-build'.
17:11:36 **** Incremental Build of configuration Debug for project pleasebaoyou ****
make pre-build main-build 
a9-linaro-pre-build-step
' '
make: Nothing to be done for `main-build'.
17:11:37 **** Incremental Build of configuration Debug for project pleasebaoyou_bsp_xgpio_example_1 ****
make pre-build main-build 
a9-linaro-pre-build-step
' '
make: Nothing to be done for `main-build'.
17:11:55 **** Auto Build of configuration Debug for project pleasebaoyou_bsp_xgpio_example_1 ****
make pre-build main-build 
a9-linaro-pre-build-step
' '
'Building file: ../src/xgpio_example.c'
'Invoking: ARM v7 gcc compiler'
arm-none-eabi-gcc -Wall -O0 -g3 -c -fmessage-length=0 -MT"src/xgpio_example.o" -mcpu=cortex-a9 -mfpu=vfpv3 -mfloat-abi=hard -I../../pleasebaoyou_bsp/ps7_cortexa9_0/include -MMD -MP -MF"src/xgpio_example.d" -MT"src/xgpio_example.o" -o "src/xgpio_example.o" "../src/xgpio_example.c"
../src/xgpio_example.c: In function 'main':
../src/xgpio_example.c:151:6: warning: variable 'ourdata' set but not used [-Wunused-but-set-variable]
  u32 ourdata[1024];
      ^~~~~~~
../src/xgpio_example.c:148:15: warning: unused variable 'Delay' [-Wunused-variable]
  volatile int Delay;
               ^~~~~
'Finished building: ../src/xgpio_example.c'
' '
'Building target: pleasebaoyou_bsp_xgpio_example_1.elf'
'Invoking: ARM v7 gcc linker'
arm-none-eabi-gcc -mcpu=cortex-a9 -mfpu=vfpv3 -mfloat-abi=hard -Wl,-build-id=none -specs=Xilinx.spec -Wl,-T -Wl,../src/lscript.ld -L../../pleasebaoyou_bsp/ps7_cortexa9_0/lib -o "pleasebaoyou_bsp_xgpio_example_1.elf"  ./src/xgpio_example.o   -Wl,--start-group,-lxil,-lgcc,-lc,--end-group
'Finished building target: pleasebaoyou_bsp_xgpio_example_1.elf'
' '
'Invoking: ARM v7 Print Size'
arm-none-eabi-size pleasebaoyou_bsp_xgpio_example_1.elf  |tee "pleasebaoyou_bsp_xgpio_example_1.elf.size"
   text	   data	    bss	    dec	    hex	filename
  23312	   1172	  22600	  47084	   b7ec	pleasebaoyou_bsp_xgpio_example_1.elf
'Finished building: pleasebaoyou_bsp_xgpio_example_1.elf.size'
' '
17:11:56 **** Incremental Build of configuration Debug for project pleasebaoyou ****
make pre-build main-build 
a9-linaro-pre-build-step
' '
make: Nothing to be done for `main-build'.
17:11:57 **** Incremental Build of configuration Debug for project pleasebaoyou_bsp_xgpio_example_1 ****
make pre-build main-build 
a9-linaro-pre-build-step
' '
make: Nothing to be done for `main-build'.
17:12:00 **** Incremental Build of configuration Debug for project pleasebaoyou_bsp_xgpio_example_1 ****
make pre-build main-build 
a9-linaro-pre-build-step
' '
make: Nothing to be done for `main-build'.
17:15:32 **** Auto Build of configuration Debug for project pleasebaoyou_bsp_xgpio_example_1 ****
make pre-build main-build 
a9-linaro-pre-build-step
' '
'Building file: ../src/xgpio_example.c'
'Invoking: ARM v7 gcc compiler'
arm-none-eabi-gcc -Wall -O0 -g3 -c -fmessage-length=0 -MT"src/xgpio_example.o" -mcpu=cortex-a9 -mfpu=vfpv3 -mfloat-abi=hard -I../../pleasebaoyou_bsp/ps7_cortexa9_0/include -MMD -MP -MF"src/xgpio_example.d" -MT"src/xgpio_example.o" -o "src/xgpio_example.o" "../src/xgpio_example.c"
../src/xgpio_example.c: In function 'main':
../src/xgpio_example.c:152:6: warning: variable 'ourdata' set but not used [-Wunused-but-set-variable]
  u32 ourdata[1024];
      ^~~~~~~
../src/xgpio_example.c:149:15: warning: unused variable 'Delay' [-Wunused-variable]
  volatile int Delay;
               ^~~~~
'Finished building: ../src/xgpio_example.c'
' '
'Building target: pleasebaoyou_bsp_xgpio_example_1.elf'
'Invoking: ARM v7 gcc linker'
arm-none-eabi-gcc -mcpu=cortex-a9 -mfpu=vfpv3 -mfloat-abi=hard -Wl,-build-id=none -specs=Xilinx.spec -Wl,-T -Wl,../src/lscript.ld -L../../pleasebaoyou_bsp/ps7_cortexa9_0/lib -o "pleasebaoyou_bsp_xgpio_example_1.elf"  ./src/xgpio_example.o   -Wl,--start-group,-lxil,-lgcc,-lc,--end-group
'Finished building target: pleasebaoyou_bsp_xgpio_example_1.elf'
' '
'Invoking: ARM v7 Print Size'
arm-none-eabi-size pleasebaoyou_bsp_xgpio_example_1.elf  |tee "pleasebaoyou_bsp_xgpio_example_1.elf.size"
   text	   data	    bss	    dec	    hex	filename
  23376	   1172	  22600	  47148	   b82c	pleasebaoyou_bsp_xgpio_example_1.elf
'Finished building: pleasebaoyou_bsp_xgpio_example_1.elf.size'
' '
17:15:34 **** Incremental Build of configuration Debug for project pleasebaoyou ****
make pre-build main-build 
a9-linaro-pre-build-step
' '
make: Nothing to be done for `main-build'.
17:15:34 **** Incremental Build of configuration Debug for project pleasebaoyou_bsp_xgpio_example_1 ****
make pre-build main-build 
a9-linaro-pre-build-step
' '
make: Nothing to be done for `main-build'.
17:15:49 **** Incremental Build of configuration Debug for project pleasebaoyou_bsp_xgpio_example_1 ****
make pre-build main-build 
a9-linaro-pre-build-step
' '
make: Nothing to be done for `main-build'.
17:18:44 **** Auto Build of configuration Debug for project pleasebaoyou_bsp_xgpio_example_1 ****
make pre-build main-build 
a9-linaro-pre-build-step
' '
'Building file: ../src/xgpio_example.c'
'Invoking: ARM v7 gcc compiler'
arm-none-eabi-gcc -Wall -O0 -g3 -c -fmessage-length=0 -MT"src/xgpio_example.o" -mcpu=cortex-a9 -mfpu=vfpv3 -mfloat-abi=hard -I../../pleasebaoyou_bsp/ps7_cortexa9_0/include -MMD -MP -MF"src/xgpio_example.d" -MT"src/xgpio_example.o" -o "src/xgpio_example.o" "../src/xgpio_example.c"
../src/xgpio_example.c: In function 'main':
../src/xgpio_example.c:152:6: warning: variable 'ourdata' set but not used [-Wunused-but-set-variable]
  u32 ourdata[4096];
      ^~~~~~~
../src/xgpio_example.c:149:15: warning: unused variable 'Delay' [-Wunused-variable]
  volatile int Delay;
               ^~~~~
'Finished building: ../src/xgpio_example.c'
' '
'Building target: pleasebaoyou_bsp_xgpio_example_1.elf'
'Invoking: ARM v7 gcc linker'
arm-none-eabi-gcc -mcpu=cortex-a9 -mfpu=vfpv3 -mfloat-abi=hard -Wl,-build-id=none -specs=Xilinx.spec -Wl,-T -Wl,../src/lscript.ld -L../../pleasebaoyou_bsp/ps7_cortexa9_0/lib -o "pleasebaoyou_bsp_xgpio_example_1.elf"  ./src/xgpio_example.o   -Wl,--start-group,-lxil,-lgcc,-lc,--end-group
'Finished building target: pleasebaoyou_bsp_xgpio_example_1.elf'
' '
'Invoking: ARM v7 Print Size'
arm-none-eabi-size pleasebaoyou_bsp_xgpio_example_1.elf  |tee "pleasebaoyou_bsp_xgpio_example_1.elf.size"
   text	   data	    bss	    dec	    hex	filename
  23376	   1172	  22600	  47148	   b82c	pleasebaoyou_bsp_xgpio_example_1.elf
'Finished building: pleasebaoyou_bsp_xgpio_example_1.elf.size'
' '
17:18:45 **** Incremental Build of configuration Debug for project pleasebaoyou ****
make pre-build main-build 
a9-linaro-pre-build-step
' '
make: Nothing to be done for `main-build'.
17:18:46 **** Incremental Build of configuration Debug for project pleasebaoyou_bsp_xgpio_example_1 ****
make pre-build main-build 
a9-linaro-pre-build-step
' '
make: Nothing to be done for `main-build'.
17:18:50 **** Incremental Build of configuration Debug for project pleasebaoyou_bsp_xgpio_example_1 ****
make pre-build main-build 
a9-linaro-pre-build-step
' '
make: Nothing to be done for `main-build'.
17:20:06 **** Incremental Build of configuration Debug for project pleasebaoyou_bsp_xgpio_example_1 ****
make pre-build main-build 
a9-linaro-pre-build-step
' '
make: Nothing to be done for `main-build'.
17:21:26 **** Incremental Build of configuration Debug for project pleasebaoyou ****
make pre-build main-build 
a9-linaro-pre-build-step
' '
make: Nothing to be done for `main-build'.
17:21:27 **** Incremental Build of configuration Debug for project pleasebaoyou_bsp_xgpio_example_1 ****
make pre-build main-build 
a9-linaro-pre-build-step
' '
make: Nothing to be done for `main-build'.
17:21:36 **** Incremental Build of configuration Debug for project pleasebaoyou_bsp_xgpio_example_1 ****
make pre-build main-build 
a9-linaro-pre-build-step
' '
make: Nothing to be done for `main-build'.
17:22:21 **** Auto Build of configuration Debug for project pleasebaoyou_bsp_xgpio_example_1 ****
make pre-build main-build 
a9-linaro-pre-build-step
' '
'Building file: ../src/xgpio_example.c'
'Invoking: ARM v7 gcc compiler'
arm-none-eabi-gcc -Wall -O0 -g3 -c -fmessage-length=0 -MT"src/xgpio_example.o" -mcpu=cortex-a9 -mfpu=vfpv3 -mfloat-abi=hard -I../../pleasebaoyou_bsp/ps7_cortexa9_0/include -MMD -MP -MF"src/xgpio_example.d" -MT"src/xgpio_example.o" -o "src/xgpio_example.o" "../src/xgpio_example.c"
../src/xgpio_example.c: In function 'main':
../src/xgpio_example.c:152:6: warning: variable 'ourdata' set but not used [-Wunused-but-set-variable]
  u32 ourdata[2048];
      ^~~~~~~
../src/xgpio_example.c:149:15: warning: unused variable 'Delay' [-Wunused-variable]
  volatile int Delay;
               ^~~~~
'Finished building: ../src/xgpio_example.c'
' '
'Building target: pleasebaoyou_bsp_xgpio_example_1.elf'
'Invoking: ARM v7 gcc linker'
arm-none-eabi-gcc -mcpu=cortex-a9 -mfpu=vfpv3 -mfloat-abi=hard -Wl,-build-id=none -specs=Xilinx.spec -Wl,-T -Wl,../src/lscript.ld -L../../pleasebaoyou_bsp/ps7_cortexa9_0/lib -o "pleasebaoyou_bsp_xgpio_example_1.elf"  ./src/xgpio_example.o   -Wl,--start-group,-lxil,-lgcc,-lc,--end-group
'Finished building target: pleasebaoyou_bsp_xgpio_example_1.elf'
' '
'Invoking: ARM v7 Print Size'
arm-none-eabi-size pleasebaoyou_bsp_xgpio_example_1.elf  |tee "pleasebaoyou_bsp_xgpio_example_1.elf.size"
   text	   data	    bss	    dec	    hex	filename
  23376	   1172	  22600	  47148	   b82c	pleasebaoyou_bsp_xgpio_example_1.elf
'Finished building: pleasebaoyou_bsp_xgpio_example_1.elf.size'
' '
17:22:26 **** Incremental Build of configuration Debug for project pleasebaoyou ****
make pre-build main-build 
a9-linaro-pre-build-step
' '
make: Nothing to be done for `main-build'.
17:22:27 **** Incremental Build of configuration Debug for project pleasebaoyou_bsp_xgpio_example_1 ****
make pre-build main-build 
a9-linaro-pre-build-step
' '
make: Nothing to be done for `main-build'.
17:22:39 **** Incremental Build of configuration Debug for project pleasebaoyou_bsp_xgpio_example_1 ****
make pre-build main-build 
a9-linaro-pre-build-step
' '
make: Nothing to be done for `main-build'.
18:37:16 **** Build of project pleaseplease_bsp ****
make -k all 
"Running Make include in ps7_cortexa9_0/libsrc/coresightps_dcc_v1_4/src"
make -C ps7_cortexa9_0/libsrc/coresightps_dcc_v1_4/src -s include  "SHELL=CMD" "COMPILER=arm-none-eabi-gcc" "ARCHIVER=arm-none-eabi-ar" "COMPILER_FLAGS=  -O2 -c" "EXTRA_COMPILER_FLAGS=-mcpu=cortex-a9 -mfpu=vfpv3 -mfloat-abi=hard -nostartfiles -Wall -Wextra"
"Running Make include in ps7_cortexa9_0/libsrc/cpu_cortexa9_v2_5/src"
make -C ps7_cortexa9_0/libsrc/cpu_cortexa9_v2_5/src -s include  "SHELL=CMD" "COMPILER=arm-none-eabi-gcc" "ARCHIVER=arm-none-eabi-ar" "COMPILER_FLAGS=  -O2 -c" "EXTRA_COMPILER_FLAGS=-mcpu=cortex-a9 -mfpu=vfpv3 -mfloat-abi=hard -nostartfiles -Wall -Wextra"
"Running Make include in ps7_cortexa9_0/libsrc/ddrps_v1_0/src"
make -C ps7_cortexa9_0/libsrc/ddrps_v1_0/src -s include  "SHELL=CMD" "COMPILER=arm-none-eabi-gcc" "ARCHIVER=arm-none-eabi-ar" "COMPILER_FLAGS=  -O2 -c" "EXTRA_COMPILER_FLAGS=-mcpu=cortex-a9 -mfpu=vfpv3 -mfloat-abi=hard -nostartfiles -Wall -Wextra"
"Running Make include in ps7_cortexa9_0/libsrc/devcfg_v3_5/src"
make -C ps7_cortexa9_0/libsrc/devcfg_v3_5/src -s include  "SHELL=CMD" "COMPILER=arm-none-eabi-gcc" "ARCHIVER=arm-none-eabi-ar" "COMPILER_FLAGS=  -O2 -c" "EXTRA_COMPILER_FLAGS=-mcpu=cortex-a9 -mfpu=vfpv3 -mfloat-abi=hard -nostartfiles -Wall -Wextra"
"Running Make include in ps7_cortexa9_0/libsrc/dmaps_v2_3/src"
make -C ps7_cortexa9_0/libsrc/dmaps_v2_3/src -s include  "SHELL=CMD" "COMPILER=arm-none-eabi-gcc" "ARCHIVER=arm-none-eabi-ar" "COMPILER_FLAGS=  -O2 -c" "EXTRA_COMPILER_FLAGS=-mcpu=cortex-a9 -mfpu=vfpv3 -mfloat-abi=hard -nostartfiles -Wall -Wextra"
"Running Make include in ps7_cortexa9_0/libsrc/emacps_v3_6/src"
make -C ps7_cortexa9_0/libsrc/emacps_v3_6/src -s include  "SHELL=CMD" "COMPILER=arm-none-eabi-gcc" "ARCHIVER=arm-none-eabi-ar" "COMPILER_FLAGS=  -O2 -c" "EXTRA_COMPILER_FLAGS=-mcpu=cortex-a9 -mfpu=vfpv3 -mfloat-abi=hard -nostartfiles -Wall -Wextra"
"Running Make include in ps7_cortexa9_0/libsrc/gpio_v4_3/src"
make -C ps7_cortexa9_0/libsrc/gpio_v4_3/src -s include  "SHELL=CMD" "COMPILER=arm-none-eabi-gcc" "ARCHIVER=arm-none-eabi-ar" "COMPILER_FLAGS=  -O2 -c" "EXTRA_COMPILER_FLAGS=-mcpu=cortex-a9 -mfpu=vfpv3 -mfloat-abi=hard -nostartfiles -Wall -Wextra"
"Running Make include in ps7_cortexa9_0/libsrc/gpiops_v3_3/src"
make -C ps7_cortexa9_0/libsrc/gpiops_v3_3/src -s include  "SHELL=CMD" "COMPILER=arm-none-eabi-gcc" "ARCHIVER=arm-none-eabi-ar" "COMPILER_FLAGS=  -O2 -c" "EXTRA_COMPILER_FLAGS=-mcpu=cortex-a9 -mfpu=vfpv3 -mfloat-abi=hard -nostartfiles -Wall -Wextra"
"Running Make include in ps7_cortexa9_0/libsrc/qspips_v3_4/src"
make -C ps7_cortexa9_0/libsrc/qspips_v3_4/src -s include  "SHELL=CMD" "COMPILER=arm-none-eabi-gcc" "ARCHIVER=arm-none-eabi-ar" "COMPILER_FLAGS=  -O2 -c" "EXTRA_COMPILER_FLAGS=-mcpu=cortex-a9 -mfpu=vfpv3 -mfloat-abi=hard -nostartfiles -Wall -Wextra"
"Running Make include in ps7_cortexa9_0/libsrc/scugic_v3_8/src"
make -C ps7_cortexa9_0/libsrc/scugic_v3_8/src -s include  "SHELL=CMD" "COMPILER=arm-none-eabi-gcc" "ARCHIVER=arm-none-eabi-ar" "COMPILER_FLAGS=  -O2 -c" "EXTRA_COMPILER_FLAGS=-mcpu=cortex-a9 -mfpu=vfpv3 -mfloat-abi=hard -nostartfiles -Wall -Wextra"
"Running Make include in ps7_cortexa9_0/libsrc/scutimer_v2_1/src"
make -C ps7_cortexa9_0/libsrc/scutimer_v2_1/src -s include  "SHELL=CMD" "COMPILER=arm-none-eabi-gcc" "ARCHIVER=arm-none-eabi-ar" "COMPILER_FLAGS=  -O2 -c" "EXTRA_COMPILER_FLAGS=-mcpu=cortex-a9 -mfpu=vfpv3 -mfloat-abi=hard -nostartfiles -Wall -Wextra"
"Running Make include in ps7_cortexa9_0/libsrc/scuwdt_v2_1/src"
make -C ps7_cortexa9_0/libsrc/scuwdt_v2_1/src -s include  "SHELL=CMD" "COMPILER=arm-none-eabi-gcc" "ARCHIVER=arm-none-eabi-ar" "COMPILER_FLAGS=  -O2 -c" "EXTRA_COMPILER_FLAGS=-mcpu=cortex-a9 -mfpu=vfpv3 -mfloat-abi=hard -nostartfiles -Wall -Wextra"
"Running Make include in ps7_cortexa9_0/libsrc/sdps_v3_3/src"
make -C ps7_cortexa9_0/libsrc/sdps_v3_3/src -s include  "SHELL=CMD" "COMPILER=arm-none-eabi-gcc" "ARCHIVER=arm-none-eabi-ar" "COMPILER_FLAGS=  -O2 -c" "EXTRA_COMPILER_FLAGS=-mcpu=cortex-a9 -mfpu=vfpv3 -mfloat-abi=hard -nostartfiles -Wall -Wextra"
"Running Make include in ps7_cortexa9_0/libsrc/standalone_v6_5/src"
make -C ps7_cortexa9_0/libsrc/standalone_v6_5/src -s include  "SHELL=CMD" "COMPILER=arm-none-eabi-gcc" "ARCHIVER=arm-none-eabi-ar" "COMPILER_FLAGS=  -O2 -c" "EXTRA_COMPILER_FLAGS=-mcpu=cortex-a9 -mfpu=vfpv3 -mfloat-abi=hard -nostartfiles -Wall -Wextra"
"Running Make include in ps7_cortexa9_0/libsrc/uartps_v3_5/src"
make -C ps7_cortexa9_0/libsrc/uartps_v3_5/src -s include  "SHELL=CMD" "COMPILER=arm-none-eabi-gcc" "ARCHIVER=arm-none-eabi-ar" "COMPILER_FLAGS=  -O2 -c" "EXTRA_COMPILER_FLAGS=-mcpu=cortex-a9 -mfpu=vfpv3 -mfloat-abi=hard -nostartfiles -Wall -Wextra"
"Running Make include in ps7_cortexa9_0/libsrc/usbps_v2_4/src"
make -C ps7_cortexa9_0/libsrc/usbps_v2_4/src -s include  "SHELL=CMD" "COMPILER=arm-none-eabi-gcc" "ARCHIVER=arm-none-eabi-ar" "COMPILER_FLAGS=  -O2 -c" "EXTRA_COMPILER_FLAGS=-mcpu=cortex-a9 -mfpu=vfpv3 -mfloat-abi=hard -nostartfiles -Wall -Wextra"
"Running Make include in ps7_cortexa9_0/libsrc/xadcps_v2_2/src"
make -C ps7_cortexa9_0/libsrc/xadcps_v2_2/src -s include  "SHELL=CMD" "COMPILER=arm-none-eabi-gcc" "ARCHIVER=arm-none-eabi-ar" "COMPILER_FLAGS=  -O2 -c" "EXTRA_COMPILER_FLAGS=-mcpu=cortex-a9 -mfpu=vfpv3 -mfloat-abi=hard -nostartfiles -Wall -Wextra"
"Running Make libs in ps7_cortexa9_0/libsrc/coresightps_dcc_v1_4/src"
make -C ps7_cortexa9_0/libsrc/coresightps_dcc_v1_4/src -s libs  "SHELL=CMD" "COMPILER=arm-none-eabi-gcc" "ARCHIVER=arm-none-eabi-ar" "COMPILER_FLAGS=  -O2 -c" "EXTRA_COMPILER_FLAGS=-mcpu=cortex-a9 -mfpu=vfpv3 -mfloat-abi=hard -nostartfiles -Wall -Wextra"
"Compiling coresightps_dcc"
arm-none-eabi-ar: creating ../../../lib/libxil.a
"Running Make libs in ps7_cortexa9_0/libsrc/cpu_cortexa9_v2_5/src"
make -C ps7_cortexa9_0/libsrc/cpu_cortexa9_v2_5/src -s libs  "SHELL=CMD" "COMPILER=arm-none-eabi-gcc" "ARCHIVER=arm-none-eabi-ar" "COMPILER_FLAGS=  -O2 -c" "EXTRA_COMPILER_FLAGS=-mcpu=cortex-a9 -mfpu=vfpv3 -mfloat-abi=hard -nostartfiles -Wall -Wextra"
"Compiling cpu_cortexa9"
"Running Make libs in ps7_cortexa9_0/libsrc/ddrps_v1_0/src"
make -C ps7_cortexa9_0/libsrc/ddrps_v1_0/src -s libs  "SHELL=CMD" "COMPILER=arm-none-eabi-gcc" "ARCHIVER=arm-none-eabi-ar" "COMPILER_FLAGS=  -O2 -c" "EXTRA_COMPILER_FLAGS=-mcpu=cortex-a9 -mfpu=vfpv3 -mfloat-abi=hard -nostartfiles -Wall -Wextra"
"Compiling ddrps"
"Running Make libs in ps7_cortexa9_0/libsrc/devcfg_v3_5/src"
make -C ps7_cortexa9_0/libsrc/devcfg_v3_5/src -s libs  "SHELL=CMD" "COMPILER=arm-none-eabi-gcc" "ARCHIVER=arm-none-eabi-ar" "COMPILER_FLAGS=  -O2 -c" "EXTRA_COMPILER_FLAGS=-mcpu=cortex-a9 -mfpu=vfpv3 -mfloat-abi=hard -nostartfiles -Wall -Wextra"
"Compiling devcfg"
"Running Make libs in ps7_cortexa9_0/libsrc/dmaps_v2_3/src"
make -C ps7_cortexa9_0/libsrc/dmaps_v2_3/src -s libs  "SHELL=CMD" "COMPILER=arm-none-eabi-gcc" "ARCHIVER=arm-none-eabi-ar" "COMPILER_FLAGS=  -O2 -c" "EXTRA_COMPILER_FLAGS=-mcpu=cortex-a9 -mfpu=vfpv3 -mfloat-abi=hard -nostartfiles -Wall -Wextra"
"Compiling dmaps"
"Running Make libs in ps7_cortexa9_0/libsrc/emacps_v3_6/src"
make -C ps7_cortexa9_0/libsrc/emacps_v3_6/src -s libs  "SHELL=CMD" "COMPILER=arm-none-eabi-gcc" "ARCHIVER=arm-none-eabi-ar" "COMPILER_FLAGS=  -O2 -c" "EXTRA_COMPILER_FLAGS=-mcpu=cortex-a9 -mfpu=vfpv3 -mfloat-abi=hard -nostartfiles -Wall -Wextra"
"Compiling emacps"
"Running Make libs in ps7_cortexa9_0/libsrc/gpio_v4_3/src"
make -C ps7_cortexa9_0/libsrc/gpio_v4_3/src -s libs  "SHELL=CMD" "COMPILER=arm-none-eabi-gcc" "ARCHIVER=arm-none-eabi-ar" "COMPILER_FLAGS=  -O2 -c" "EXTRA_COMPILER_FLAGS=-mcpu=cortex-a9 -mfpu=vfpv3 -mfloat-abi=hard -nostartfiles -Wall -Wextra"
"Compiling gpio"
"Running Make libs in ps7_cortexa9_0/libsrc/gpiops_v3_3/src"
make -C ps7_cortexa9_0/libsrc/gpiops_v3_3/src -s libs  "SHELL=CMD" "COMPILER=arm-none-eabi-gcc" "ARCHIVER=arm-none-eabi-ar" "COMPILER_FLAGS=  -O2 -c" "EXTRA_COMPILER_FLAGS=-mcpu=cortex-a9 -mfpu=vfpv3 -mfloat-abi=hard -nostartfiles -Wall -Wextra"
"Compiling gpiops"
"Running Make libs in ps7_cortexa9_0/libsrc/qspips_v3_4/src"
make -C ps7_cortexa9_0/libsrc/qspips_v3_4/src -s libs  "SHELL=CMD" "COMPILER=arm-none-eabi-gcc" "ARCHIVER=arm-none-eabi-ar" "COMPILER_FLAGS=  -O2 -c" "EXTRA_COMPILER_FLAGS=-mcpu=cortex-a9 -mfpu=vfpv3 -mfloat-abi=hard -nostartfiles -Wall -Wextra"
"Compiling qspips"
"Running Make libs in ps7_cortexa9_0/libsrc/scugic_v3_8/src"
make -C ps7_cortexa9_0/libsrc/scugic_v3_8/src -s libs  "SHELL=CMD" "COMPILER=arm-none-eabi-gcc" "ARCHIVER=arm-none-eabi-ar" "COMPILER_FLAGS=  -O2 -c" "EXTRA_COMPILER_FLAGS=-mcpu=cortex-a9 -mfpu=vfpv3 -mfloat-abi=hard -nostartfiles -Wall -Wextra"
"Compiling scugic"
"Running Make libs in ps7_cortexa9_0/libsrc/scutimer_v2_1/src"
make -C ps7_cortexa9_0/libsrc/scutimer_v2_1/src -s libs  "SHELL=CMD" "COMPILER=arm-none-eabi-gcc" "ARCHIVER=arm-none-eabi-ar" "COMPILER_FLAGS=  -O2 -c" "EXTRA_COMPILER_FLAGS=-mcpu=cortex-a9 -mfpu=vfpv3 -mfloat-abi=hard -nostartfiles -Wall -Wextra"
"Compiling scutimer"
"Running Make libs in ps7_cortexa9_0/libsrc/scuwdt_v2_1/src"
make -C ps7_cortexa9_0/libsrc/scuwdt_v2_1/src -s libs  "SHELL=CMD" "COMPILER=arm-none-eabi-gcc" "ARCHIVER=arm-none-eabi-ar" "COMPILER_FLAGS=  -O2 -c" "EXTRA_COMPILER_FLAGS=-mcpu=cortex-a9 -mfpu=vfpv3 -mfloat-abi=hard -nostartfiles -Wall -Wextra"
"Compiling scuwdt"
"Running Make libs in ps7_cortexa9_0/libsrc/sdps_v3_3/src"
make -C ps7_cortexa9_0/libsrc/sdps_v3_3/src -s libs  "SHELL=CMD" "COMPILER=arm-none-eabi-gcc" "ARCHIVER=arm-none-eabi-ar" "COMPILER_FLAGS=  -O2 -c" "EXTRA_COMPILER_FLAGS=-mcpu=cortex-a9 -mfpu=vfpv3 -mfloat-abi=hard -nostartfiles -Wall -Wextra"
"Compiling sdps"
"Running Make libs in ps7_cortexa9_0/libsrc/standalone_v6_5/src"
make -C ps7_cortexa9_0/libsrc/standalone_v6_5/src -s libs  "SHELL=CMD" "COMPILER=arm-none-eabi-gcc" "ARCHIVER=arm-none-eabi-ar" "COMPILER_FLAGS=  -O2 -c" "EXTRA_COMPILER_FLAGS=-mcpu=cortex-a9 -mfpu=vfpv3 -mfloat-abi=hard -nostartfiles -Wall -Wextra"
"Compiling standalone"
"Running Make libs in ps7_cortexa9_0/libsrc/uartps_v3_5/src"
make -C ps7_cortexa9_0/libsrc/uartps_v3_5/src -s libs  "SHELL=CMD" "COMPILER=arm-none-eabi-gcc" "ARCHIVER=arm-none-eabi-ar" "COMPILER_FLAGS=  -O2 -c" "EXTRA_COMPILER_FLAGS=-mcpu=cortex-a9 -mfpu=vfpv3 -mfloat-abi=hard -nostartfiles -Wall -Wextra"
"Compiling uartps"
"Running Make libs in ps7_cortexa9_0/libsrc/usbps_v2_4/src"
make -C ps7_cortexa9_0/libsrc/usbps_v2_4/src -s libs  "SHELL=CMD" "COMPILER=arm-none-eabi-gcc" "ARCHIVER=arm-none-eabi-ar" "COMPILER_FLAGS=  -O2 -c" "EXTRA_COMPILER_FLAGS=-mcpu=cortex-a9 -mfpu=vfpv3 -mfloat-abi=hard -nostartfiles -Wall -Wextra"
"Compiling usbps"
"Running Make libs in ps7_cortexa9_0/libsrc/xadcps_v2_2/src"
make -C ps7_cortexa9_0/libsrc/xadcps_v2_2/src -s libs  "SHELL=CMD" "COMPILER=arm-none-eabi-gcc" "ARCHIVER=arm-none-eabi-ar" "COMPILER_FLAGS=  -O2 -c" "EXTRA_COMPILER_FLAGS=-mcpu=cortex-a9 -mfpu=vfpv3 -mfloat-abi=hard -nostartfiles -Wall -Wextra"
"Compiling xadcps"
'Finished building libraries'
18:37:48 **** Build of configuration Debug for project pleaseplease ****
make pre-build main-build 
a9-linaro-pre-build-step
' '
'Building file: ../src/helloworld.c'
'Invoking: ARM v7 gcc compiler'
arm-none-eabi-gcc -Wall -O0 -g3 -c -fmessage-length=0 -MT"src/helloworld.o" -mcpu=cortex-a9 -mfpu=vfpv3 -mfloat-abi=hard -I../../pleaseplease_bsp/ps7_cortexa9_0/include -MMD -MP -MF"src/helloworld.d" -MT"src/helloworld.o" -o "src/helloworld.o" "../src/helloworld.c"
'Finished building: ../src/helloworld.c'
' '
'Building file: ../src/platform.c'
'Invoking: ARM v7 gcc compiler'
arm-none-eabi-gcc -Wall -O0 -g3 -c -fmessage-length=0 -MT"src/platform.o" -mcpu=cortex-a9 -mfpu=vfpv3 -mfloat-abi=hard -I../../pleaseplease_bsp/ps7_cortexa9_0/include -MMD -MP -MF"src/platform.d" -MT"src/platform.o" -o "src/platform.o" "../src/platform.c"
'Finished building: ../src/platform.c'
' '
'Building target: pleaseplease.elf'
'Invoking: ARM v7 gcc linker'
arm-none-eabi-gcc -mcpu=cortex-a9 -mfpu=vfpv3 -mfloat-abi=hard -Wl,-build-id=none -specs=Xilinx.spec -Wl,-T -Wl,../src/lscript.ld -L../../pleaseplease_bsp/ps7_cortexa9_0/lib -o "pleaseplease.elf"  ./src/helloworld.o ./src/platform.o   -Wl,--start-group,-lxil,-lgcc,-lc,--end-group
'Finished building target: pleaseplease.elf'
' '
'Invoking: ARM v7 Print Size'
arm-none-eabi-size pleaseplease.elf  |tee "pleaseplease.elf.size"
   text	   data	    bss	    dec	    hex	filename
  19380	   1148	  22568	  43096	   a858	pleaseplease.elf
'Finished building: pleaseplease.elf.size'
' '
18:38:10 **** Build of configuration Debug for project pleaseplease_bsp_xgpio_example_1 ****
make pre-build main-build 
a9-linaro-pre-build-step
' '
'Building file: ../src/xgpio_example.c'
'Invoking: ARM v7 gcc compiler'
arm-none-eabi-gcc -Wall -O0 -g3 -c -fmessage-length=0 -MT"src/xgpio_example.o" -mcpu=cortex-a9 -mfpu=vfpv3 -mfloat-abi=hard -I../../pleaseplease_bsp/ps7_cortexa9_0/include -MMD -MP -MF"src/xgpio_example.d" -MT"src/xgpio_example.o" -o "src/xgpio_example.o" "../src/xgpio_example.c"
'Finished building: ../src/xgpio_example.c'
' '
'Building target: pleaseplease_bsp_xgpio_example_1.elf'
'Invoking: ARM v7 gcc linker'
arm-none-eabi-gcc -mcpu=cortex-a9 -mfpu=vfpv3 -mfloat-abi=hard -Wl,-build-id=none -specs=Xilinx.spec -Wl,-T -Wl,../src/lscript.ld -L../../pleaseplease_bsp/ps7_cortexa9_0/lib -o "pleaseplease_bsp_xgpio_example_1.elf"  ./src/xgpio_example.o   -Wl,--start-group,-lxil,-lgcc,-lc,--end-group
'Finished building target: pleaseplease_bsp_xgpio_example_1.elf'
' '
'Invoking: ARM v7 Print Size'
arm-none-eabi-size pleaseplease_bsp_xgpio_example_1.elf  |tee "pleaseplease_bsp_xgpio_example_1.elf.size"
   text	   data	    bss	    dec	    hex	filename
  23840	   1204	  22600	  47644	   ba1c	pleaseplease_bsp_xgpio_example_1.elf
'Finished building: pleaseplease_bsp_xgpio_example_1.elf.size'
' '
18:38:18 **** Build of configuration Debug for project pleaseplease_bsp_xgpio_example_2 ****
make pre-build main-build 
a9-linaro-pre-build-step
' '
'Building file: ../src/xgpio_example.c'
'Invoking: ARM v7 gcc compiler'
arm-none-eabi-gcc -Wall -O0 -g3 -c -fmessage-length=0 -MT"src/xgpio_example.o" -mcpu=cortex-a9 -mfpu=vfpv3 -mfloat-abi=hard -I../../pleaseplease_bsp/ps7_cortexa9_0/include -MMD -MP -MF"src/xgpio_example.d" -MT"src/xgpio_example.o" -o "src/xgpio_example.o" "../src/xgpio_example.c"
'Finished building: ../src/xgpio_example.c'
' '
'Building target: pleaseplease_bsp_xgpio_example_2.elf'
'Invoking: ARM v7 gcc linker'
arm-none-eabi-gcc -mcpu=cortex-a9 -mfpu=vfpv3 -mfloat-abi=hard -Wl,-build-id=none -specs=Xilinx.spec -Wl,-T -Wl,../src/lscript.ld -L../../pleaseplease_bsp/ps7_cortexa9_0/lib -o "pleaseplease_bsp_xgpio_example_2.elf"  ./src/xgpio_example.o   -Wl,--start-group,-lxil,-lgcc,-lc,--end-group
'Finished building target: pleaseplease_bsp_xgpio_example_2.elf'
' '
'Invoking: ARM v7 Print Size'
arm-none-eabi-size pleaseplease_bsp_xgpio_example_2.elf  |tee "pleaseplease_bsp_xgpio_example_2.elf.size"
   text	   data	    bss	    dec	    hex	filename
  23840	   1204	  22600	  47644	   ba1c	pleaseplease_bsp_xgpio_example_2.elf
'Finished building: pleaseplease_bsp_xgpio_example_2.elf.size'
' '
18:38:26 **** Build of configuration Debug for project pleaseplease_bsp_xgpio_example_3 ****
make pre-build main-build 
a9-linaro-pre-build-step
' '
'Building file: ../src/xgpio_example.c'
'Invoking: ARM v7 gcc compiler'
arm-none-eabi-gcc -Wall -O0 -g3 -c -fmessage-length=0 -MT"src/xgpio_example.o" -mcpu=cortex-a9 -mfpu=vfpv3 -mfloat-abi=hard -I../../pleaseplease_bsp/ps7_cortexa9_0/include -MMD -MP -MF"src/xgpio_example.d" -MT"src/xgpio_example.o" -o "src/xgpio_example.o" "../src/xgpio_example.c"
'Finished building: ../src/xgpio_example.c'
' '
'Building target: pleaseplease_bsp_xgpio_example_3.elf'
'Invoking: ARM v7 gcc linker'
arm-none-eabi-gcc -mcpu=cortex-a9 -mfpu=vfpv3 -mfloat-abi=hard -Wl,-build-id=none -specs=Xilinx.spec -Wl,-T -Wl,../src/lscript.ld -L../../pleaseplease_bsp/ps7_cortexa9_0/lib -o "pleaseplease_bsp_xgpio_example_3.elf"  ./src/xgpio_example.o   -Wl,--start-group,-lxil,-lgcc,-lc,--end-group
'Finished building target: pleaseplease_bsp_xgpio_example_3.elf'
' '
'Invoking: ARM v7 Print Size'
arm-none-eabi-size pleaseplease_bsp_xgpio_example_3.elf  |tee "pleaseplease_bsp_xgpio_example_3.elf.size"
   text	   data	    bss	    dec	    hex	filename
  23840	   1204	  22600	  47644	   ba1c	pleaseplease_bsp_xgpio_example_3.elf
'Finished building: pleaseplease_bsp_xgpio_example_3.elf.size'
' '
18:45:20 **** Auto Build of configuration Debug for project pleasebaoyou_bsp_xgpio_example_1 ****
make pre-build main-build 
a9-linaro-pre-build-step
' '
'Building file: ../src/xgpio_example.c'
'Invoking: ARM v7 gcc compiler'
arm-none-eabi-gcc -Wall -O0 -g3 -c -fmessage-length=0 -MT"src/xgpio_example.o" -mcpu=cortex-a9 -mfpu=vfpv3 -mfloat-abi=hard -I../../pleasebaoyou_bsp/ps7_cortexa9_0/include -MMD -MP -MF"src/xgpio_example.d" -MT"src/xgpio_example.o" -o "src/xgpio_example.o" "../src/xgpio_example.c"
../src/xgpio_example.c: In function 'main':
../src/xgpio_example.c:152:6: warning: variable 'ourdata' set but not used [-Wunused-but-set-variable]
  u32 ourdata[2048];
      ^~~~~~~
../src/xgpio_example.c:149:15: warning: unused variable 'Delay' [-Wunused-variable]
  volatile int Delay;
               ^~~~~
'Finished building: ../src/xgpio_example.c'
' '
'Building target: pleasebaoyou_bsp_xgpio_example_1.elf'
'Invoking: ARM v7 gcc linker'
arm-none-eabi-gcc -mcpu=cortex-a9 -mfpu=vfpv3 -mfloat-abi=hard -Wl,-build-id=none -specs=Xilinx.spec -Wl,-T -Wl,../src/lscript.ld -L../../pleasebaoyou_bsp/ps7_cortexa9_0/lib -o "pleasebaoyou_bsp_xgpio_example_1.elf"  ./src/xgpio_example.o   -Wl,--start-group,-lxil,-lgcc,-lc,--end-group
'Finished building target: pleasebaoyou_bsp_xgpio_example_1.elf'
' '
'Invoking: ARM v7 Print Size'
arm-none-eabi-size pleasebaoyou_bsp_xgpio_example_1.elf  |tee "pleasebaoyou_bsp_xgpio_example_1.elf.size"
   text	   data	    bss	    dec	    hex	filename
  23376	   1172	  22600	  47148	   b82c	pleasebaoyou_bsp_xgpio_example_1.elf
'Finished building: pleasebaoyou_bsp_xgpio_example_1.elf.size'
' '
18:47:57 **** Auto Build of configuration Debug for project pleaseplease_bsp_xgpio_example_2 ****
make pre-build main-build 
a9-linaro-pre-build-step
' '
'Building file: ../src/xgpio_example.c'
'Invoking: ARM v7 gcc compiler'
arm-none-eabi-gcc -Wall -O0 -g3 -c -fmessage-length=0 -MT"src/xgpio_example.o" -mcpu=cortex-a9 -mfpu=vfpv3 -mfloat-abi=hard -I../../pleaseplease_bsp/ps7_cortexa9_0/include -MMD -MP -MF"src/xgpio_example.d" -MT"src/xgpio_example.o" -o "src/xgpio_example.o" "../src/xgpio_example.c"
../src/xgpio_example.c: In function 'main':
../src/xgpio_example.c:152:6: error: redeclaration of 'ourdata1' with no linkage
  u32 ourdata1[8192];
      ^~~~~~~~
../src/xgpio_example.c:151:6: note: previous declaration of 'ourdata1' was here
  u32 ourdata1[8192];
      ^~~~~~~~
../src/xgpio_example.c:153:6: error: redeclaration of 'ourdata1' with no linkage
  u32 ourdata1[8192];
      ^~~~~~~~
../src/xgpio_example.c:152:6: note: previous declaration of 'ourdata1' was here
  u32 ourdata1[8192];
      ^~~~~~~~
../src/xgpio_example.c:154:6: error: redeclaration of 'ourdata1' with no linkage
  u32 ourdata1[8192];
      ^~~~~~~~
../src/xgpio_example.c:153:6: note: previous declaration of 'ourdata1' was here
  u32 ourdata1[8192];
      ^~~~~~~~
../src/xgpio_example.c:155:6: error: redeclaration of 'ourdata1' with no linkage
  u32 ourdata1[8192];
      ^~~~~~~~
../src/xgpio_example.c:154:6: note: previous declaration of 'ourdata1' was here
  u32 ourdata1[8192];
      ^~~~~~~~
../src/xgpio_example.c:156:6: error: redeclaration of 'ourdata1' with no linkage
  u32 ourdata1[8192];
      ^~~~~~~~
../src/xgpio_example.c:155:6: note: previous declaration of 'ourdata1' was here
  u32 ourdata1[8192];
      ^~~~~~~~
../src/xgpio_example.c:182:4: error: 'ourdata2' undeclared (first use in this function)
    ourdata2[i]=XGpio_DiscreteRead(&Gpio1,2);
    ^~~~~~~~
../src/xgpio_example.c:182:4: note: each undeclared identifier is reported only once for each function it appears in
../src/xgpio_example.c:183:4: error: 'ourdata3' undeclared (first use in this function)
    ourdata3[i]=XGpio_DiscreteRead(&Gpio2,1);
    ^~~~~~~~
../src/xgpio_example.c:184:4: error: 'ourdata4' undeclared (first use in this function)
    ourdata4[i]=XGpio_DiscreteRead(&Gpio2,2);
    ^~~~~~~~
../src/xgpio_example.c:185:4: error: 'ourdata5' undeclared (first use in this function)
    ourdata5[i]=XGpio_DiscreteRead(&Gpio3,1);
    ^~~~~~~~
../src/xgpio_example.c:186:4: error: 'ourdata6' undeclared (first use in this function)
    ourdata6[i]=XGpio_DiscreteRead(&Gpio3,2);
    ^~~~~~~~
../src/xgpio_example.c:187:4: warning: implicit declaration of function 'usleep' [-Wimplicit-function-declaration]
    usleep(3);
    ^~~~~~
../src/xgpio_example.c:156:6: warning: variable 'ourdata1' set but not used [-Wunused-but-set-variable]
  u32 ourdata1[8192];
      ^~~~~~~~
../src/xgpio_example.c:149:15: warning: unused variable 'Delay' [-Wunused-variable]
  volatile int Delay;
               ^~~~~
make: *** [src/xgpio_example.o] ´íÎó 1
18:47:59 **** Incremental Build of configuration Debug for project pleasebaoyou ****
make pre-build main-build 
a9-linaro-pre-build-step
' '
make: Nothing to be done for `main-build'.
18:48:00 **** Incremental Build of configuration Debug for project pleasebaoyou_bsp_xgpio_example_1 ****
make pre-build main-build 
a9-linaro-pre-build-step
' '
make: Nothing to be done for `main-build'.
18:48:01 **** Incremental Build of configuration Debug for project pleaseplease ****
make pre-build main-build 
a9-linaro-pre-build-step
' '
make: Nothing to be done for `main-build'.
18:48:01 **** Incremental Build of configuration Debug for project pleaseplease_bsp_xgpio_example_1 ****
make pre-build main-build 
a9-linaro-pre-build-step
' '
make: Nothing to be done for `main-build'.
18:48:02 **** Incremental Build of configuration Debug for project pleaseplease_bsp_xgpio_example_2 ****
make pre-build main-build 
a9-linaro-pre-build-step
' '
'Building file: ../src/xgpio_example.c'
'Invoking: ARM v7 gcc compiler'
arm-none-eabi-gcc -Wall -O0 -g3 -c -fmessage-length=0 -MT"src/xgpio_example.o" -mcpu=cortex-a9 -mfpu=vfpv3 -mfloat-abi=hard -I../../pleaseplease_bsp/ps7_cortexa9_0/include -MMD -MP -MF"src/xgpio_example.d" -MT"src/xgpio_example.o" -o "src/xgpio_example.o" "../src/xgpio_example.c"
../src/xgpio_example.c: In function 'main':
../src/xgpio_example.c:152:6: error: redeclaration of 'ourdata1' with no linkage
  u32 ourdata1[8192];
      ^~~~~~~~
../src/xgpio_example.c:151:6: note: previous declaration of 'ourdata1' was here
  u32 ourdata1[8192];
      ^~~~~~~~
../src/xgpio_example.c:153:6: error: redeclaration of 'ourdata1' with no linkage
  u32 ourdata1[8192];
      ^~~~~~~~
../src/xgpio_example.c:152:6: note: previous declaration of 'ourdata1' was here
  u32 ourdata1[8192];
      ^~~~~~~~
../src/xgpio_example.c:154:6: error: redeclaration of 'ourdata1' with no linkage
  u32 ourdata1[8192];
      ^~~~~~~~
../src/xgpio_example.c:153:6: note: previous declaration of 'ourdata1' was here
  u32 ourdata1[8192];
      ^~~~~~~~
../src/xgpio_example.c:155:6: error: redeclaration of 'ourdata1' with no linkage
  u32 ourdata1[8192];
      ^~~~~~~~
../src/xgpio_example.c:154:6: note: previous declaration of 'ourdata1' was here
  u32 ourdata1[8192];
      ^~~~~~~~
../src/xgpio_example.c:156:6: error: redeclaration of 'ourdata1' with no linkage
  u32 ourdata1[8192];
      ^~~~~~~~
../src/xgpio_example.c:155:6: note: previous declaration of 'ourdata1' was here
  u32 ourdata1[8192];
      ^~~~~~~~
../src/xgpio_example.c:182:4: error: 'ourdata2' undeclared (first use in this function)
    ourdata2[i]=XGpio_DiscreteRead(&Gpio1,2);
    ^~~~~~~~
../src/xgpio_example.c:182:4: note: each undeclared identifier is reported only once for each function it appears in
../src/xgpio_example.c:183:4: error: 'ourdata3' undeclared (first use in this function)
    ourdata3[i]=XGpio_DiscreteRead(&Gpio2,1);
    ^~~~~~~~
../src/xgpio_example.c:184:4: error: 'ourdata4' undeclared (first use in this function)
    ourdata4[i]=XGpio_DiscreteRead(&Gpio2,2);
    ^~~~~~~~
../src/xgpio_example.c:185:4: error: 'ourdata5' undeclared (first use in this function)
    ourdata5[i]=XGpio_DiscreteRead(&Gpio3,1);
    ^~~~~~~~
../src/xgpio_example.c:186:4: error: 'ourdata6' undeclared (first use in this function)
    ourdata6[i]=XGpio_DiscreteRead(&Gpio3,2);
    ^~~~~~~~
../src/xgpio_example.c:187:4: warning: implicit declaration of function 'usleep' [-Wimplicit-function-declaration]
    usleep(3);
    ^~~~~~
../src/xgpio_example.c:156:6: warning: variable 'ourdata1' set but not used [-Wunused-but-set-variable]
  u32 ourdata1[8192];
      ^~~~~~~~
../src/xgpio_example.c:149:15: warning: unused variable 'Delay' [-Wunused-variable]
  volatile int Delay;
               ^~~~~
make: *** [src/xgpio_example.o] ´íÎó 1
18:48:03 **** Incremental Build of configuration Debug for project pleaseplease_bsp_xgpio_example_3 ****
make pre-build main-build 
a9-linaro-pre-build-step
' '
make: Nothing to be done for `main-build'.
18:48:20 **** Auto Build of configuration Debug for project pleaseplease_bsp_xgpio_example_2 ****
make pre-build main-build 
a9-linaro-pre-build-step
' '
'Building file: ../src/xgpio_example.c'
'Invoking: ARM v7 gcc compiler'
arm-none-eabi-gcc -Wall -O0 -g3 -c -fmessage-length=0 -MT"src/xgpio_example.o" -mcpu=cortex-a9 -mfpu=vfpv3 -mfloat-abi=hard -I../../pleaseplease_bsp/ps7_cortexa9_0/include -MMD -MP -MF"src/xgpio_example.d" -MT"src/xgpio_example.o" -o "src/xgpio_example.o" "../src/xgpio_example.c"
../src/xgpio_example.c: In function 'main':
../src/xgpio_example.c:187:4: warning: implicit declaration of function 'usleep' [-Wimplicit-function-declaration]
    usleep(3);
    ^~~~~~
../src/xgpio_example.c:156:6: warning: variable 'ourdata6' set but not used [-Wunused-but-set-variable]
  u32 ourdata6[8192];
      ^~~~~~~~
../src/xgpio_example.c:155:6: warning: variable 'ourdata5' set but not used [-Wunused-but-set-variable]
  u32 ourdata5[8192];
      ^~~~~~~~
../src/xgpio_example.c:154:6: warning: variable 'ourdata4' set but not used [-Wunused-but-set-variable]
  u32 ourdata4[8192];
      ^~~~~~~~
../src/xgpio_example.c:153:6: warning: variable 'ourdata3' set but not used [-Wunused-but-set-variable]
  u32 ourdata3[8192];
      ^~~~~~~~
../src/xgpio_example.c:152:6: warning: variable 'ourdata2' set but not used [-Wunused-but-set-variable]
  u32 ourdata2[8192];
      ^~~~~~~~
../src/xgpio_example.c:151:6: warning: variable 'ourdata1' set but not used [-Wunused-but-set-variable]
  u32 ourdata1[8192];
      ^~~~~~~~
../src/xgpio_example.c:149:15: warning: unused variable 'Delay' [-Wunused-variable]
  volatile int Delay;
               ^~~~~
'Finished building: ../src/xgpio_example.c'
' '
'Building target: pleaseplease_bsp_xgpio_example_2.elf'
'Invoking: ARM v7 gcc linker'
arm-none-eabi-gcc -mcpu=cortex-a9 -mfpu=vfpv3 -mfloat-abi=hard -Wl,-build-id=none -specs=Xilinx.spec -Wl,-T -Wl,../src/lscript.ld -L../../pleaseplease_bsp/ps7_cortexa9_0/lib -o "pleaseplease_bsp_xgpio_example_2.elf"  ./src/xgpio_example.o   -Wl,--start-group,-lxil,-lgcc,-lc,--end-group
'Finished building target: pleaseplease_bsp_xgpio_example_2.elf'
' '
'Invoking: ARM v7 Print Size'
arm-none-eabi-size pleaseplease_bsp_xgpio_example_2.elf  |tee "pleaseplease_bsp_xgpio_example_2.elf.size"
   text	   data	    bss	    dec	    hex	filename
  23824	   1204	  22632	  47660	   ba2c	pleaseplease_bsp_xgpio_example_2.elf
'Finished building: pleaseplease_bsp_xgpio_example_2.elf.size'
' '
18:48:22 **** Incremental Build of configuration Debug for project pleasebaoyou ****
make pre-build main-build 
a9-linaro-pre-build-step
' '
make: Nothing to be done for `main-build'.
18:48:22 **** Incremental Build of configuration Debug for project pleasebaoyou_bsp_xgpio_example_1 ****
make pre-build main-build 
a9-linaro-pre-build-step
' '
make: Nothing to be done for `main-build'.
18:48:23 **** Incremental Build of configuration Debug for project pleaseplease ****
make pre-build main-build 
a9-linaro-pre-build-step
' '
make: Nothing to be done for `main-build'.
18:48:24 **** Incremental Build of configuration Debug for project pleaseplease_bsp_xgpio_example_1 ****
make pre-build main-build 
a9-linaro-pre-build-step
' '
make: Nothing to be done for `main-build'.
18:48:24 **** Incremental Build of configuration Debug for project pleaseplease_bsp_xgpio_example_2 ****
make pre-build main-build 
a9-linaro-pre-build-step
' '
make: Nothing to be done for `main-build'.
18:48:25 **** Incremental Build of configuration Debug for project pleaseplease_bsp_xgpio_example_3 ****
make pre-build main-build 
a9-linaro-pre-build-step
' '
make: Nothing to be done for `main-build'.
18:48:35 **** Auto Build of configuration Debug for project pleaseplease_bsp_xgpio_example_2 ****
make pre-build main-build 
a9-linaro-pre-build-step
' '
'Building file: ../src/xgpio_example.c'
'Invoking: ARM v7 gcc compiler'
arm-none-eabi-gcc -Wall -O0 -g3 -c -fmessage-length=0 -MT"src/xgpio_example.o" -mcpu=cortex-a9 -mfpu=vfpv3 -mfloat-abi=hard -I../../pleaseplease_bsp/ps7_cortexa9_0/include -MMD -MP -MF"src/xgpio_example.d" -MT"src/xgpio_example.o" -o "src/xgpio_example.o" "../src/xgpio_example.c"
../src/xgpio_example.c: In function 'main':
../src/xgpio_example.c:187:4: warning: implicit declaration of function 'usleep' [-Wimplicit-function-declaration]
    usleep(3);
    ^~~~~~
../src/xgpio_example.c:156:6: warning: variable 'ourdata6' set but not used [-Wunused-but-set-variable]
  u32 ourdata6[8192];
      ^~~~~~~~
../src/xgpio_example.c:155:6: warning: variable 'ourdata5' set but not used [-Wunused-but-set-variable]
  u32 ourdata5[8192];
      ^~~~~~~~
../src/xgpio_example.c:154:6: warning: variable 'ourdata4' set but not used [-Wunused-but-set-variable]
  u32 ourdata4[8192];
      ^~~~~~~~
../src/xgpio_example.c:153:6: warning: variable 'ourdata3' set but not used [-Wunused-but-set-variable]
  u32 ourdata3[8192];
      ^~~~~~~~
../src/xgpio_example.c:152:6: warning: variable 'ourdata2' set but not used [-Wunused-but-set-variable]
  u32 ourdata2[8192];
      ^~~~~~~~
../src/xgpio_example.c:151:6: warning: variable 'ourdata1' set but not used [-Wunused-but-set-variable]
  u32 ourdata1[8192];
      ^~~~~~~~
../src/xgpio_example.c:149:15: warning: unused variable 'Delay' [-Wunused-variable]
  volatile int Delay;
               ^~~~~
'Finished building: ../src/xgpio_example.c'
' '
'Building target: pleaseplease_bsp_xgpio_example_2.elf'
'Invoking: ARM v7 gcc linker'
arm-none-eabi-gcc -mcpu=cortex-a9 -mfpu=vfpv3 -mfloat-abi=hard -Wl,-build-id=none -specs=Xilinx.spec -Wl,-T -Wl,../src/lscript.ld -L../../pleaseplease_bsp/ps7_cortexa9_0/lib -o "pleaseplease_bsp_xgpio_example_2.elf"  ./src/xgpio_example.o   -Wl,--start-group,-lxil,-lgcc,-lc,--end-group
'Finished building target: pleaseplease_bsp_xgpio_example_2.elf'
' '
'Invoking: ARM v7 Print Size'
arm-none-eabi-size pleaseplease_bsp_xgpio_example_2.elf  |tee "pleaseplease_bsp_xgpio_example_2.elf.size"
   text	   data	    bss	    dec	    hex	filename
  23824	   1204	  22632	  47660	   ba2c	pleaseplease_bsp_xgpio_example_2.elf
'Finished building: pleaseplease_bsp_xgpio_example_2.elf.size'
' '
18:49:31 **** Auto Build of configuration Debug for project pleaseplease_bsp_xgpio_example_2 ****
make pre-build main-build 
a9-linaro-pre-build-step
' '
'Building file: ../src/xgpio_example.c'
'Invoking: ARM v7 gcc compiler'
arm-none-eabi-gcc -Wall -O0 -g3 -c -fmessage-length=0 -MT"src/xgpio_example.o" -mcpu=cortex-a9 -mfpu=vfpv3 -mfloat-abi=hard -I../../pleaseplease_bsp/ps7_cortexa9_0/include -MMD -MP -MF"src/xgpio_example.d" -MT"src/xgpio_example.o" -o "src/xgpio_example.o" "../src/xgpio_example.c"
../src/xgpio_example.c: In function 'main':
../src/xgpio_example.c:156:6: warning: variable 'ourdata6' set but not used [-Wunused-but-set-variable]
  u32 ourdata6[8192];
      ^~~~~~~~
../src/xgpio_example.c:155:6: warning: variable 'ourdata5' set but not used [-Wunused-but-set-variable]
  u32 ourdata5[8192];
      ^~~~~~~~
../src/xgpio_example.c:154:6: warning: variable 'ourdata4' set but not used [-Wunused-but-set-variable]
  u32 ourdata4[8192];
      ^~~~~~~~
../src/xgpio_example.c:153:6: warning: variable 'ourdata3' set but not used [-Wunused-but-set-variable]
  u32 ourdata3[8192];
      ^~~~~~~~
../src/xgpio_example.c:152:6: warning: variable 'ourdata2' set but not used [-Wunused-but-set-variable]
  u32 ourdata2[8192];
      ^~~~~~~~
../src/xgpio_example.c:151:6: warning: variable 'ourdata1' set but not used [-Wunused-but-set-variable]
  u32 ourdata1[8192];
      ^~~~~~~~
../src/xgpio_example.c:149:15: warning: unused variable 'Delay' [-Wunused-variable]
  volatile int Delay;
               ^~~~~
'Finished building: ../src/xgpio_example.c'
' '
'Building target: pleaseplease_bsp_xgpio_example_2.elf'
'Invoking: ARM v7 gcc linker'
arm-none-eabi-gcc -mcpu=cortex-a9 -mfpu=vfpv3 -mfloat-abi=hard -Wl,-build-id=none -specs=Xilinx.spec -Wl,-T -Wl,../src/lscript.ld -L../../pleaseplease_bsp/ps7_cortexa9_0/lib -o "pleaseplease_bsp_xgpio_example_2.elf"  ./src/xgpio_example.o   -Wl,--start-group,-lxil,-lgcc,-lc,--end-group
'Finished building target: pleaseplease_bsp_xgpio_example_2.elf'
' '
'Invoking: ARM v7 Print Size'
arm-none-eabi-size pleaseplease_bsp_xgpio_example_2.elf  |tee "pleaseplease_bsp_xgpio_example_2.elf.size"
   text	   data	    bss	    dec	    hex	filename
  23824	   1204	  22632	  47660	   ba2c	pleaseplease_bsp_xgpio_example_2.elf
'Finished building: pleaseplease_bsp_xgpio_example_2.elf.size'
' '
18:50:14 **** Auto Build of configuration Debug for project pleaseplease_bsp_xgpio_example_2 ****
make pre-build main-build 
a9-linaro-pre-build-step
' '
'Building file: ../src/xgpio_example.c'
'Invoking: ARM v7 gcc compiler'
arm-none-eabi-gcc -Wall -O0 -g3 -c -fmessage-length=0 -MT"src/xgpio_example.o" -mcpu=cortex-a9 -mfpu=vfpv3 -mfloat-abi=hard -I../../pleaseplease_bsp/ps7_cortexa9_0/include -MMD -MP -MF"src/xgpio_example.d" -MT"src/xgpio_example.o" -o "src/xgpio_example.o" "../src/xgpio_example.c"
../src/xgpio_example.c: In function 'main':
../src/xgpio_example.c:156:6: warning: variable 'ourdata6' set but not used [-Wunused-but-set-variable]
  u32 ourdata6[8192];
      ^~~~~~~~
../src/xgpio_example.c:155:6: warning: variable 'ourdata5' set but not used [-Wunused-but-set-variable]
  u32 ourdata5[8192];
      ^~~~~~~~
../src/xgpio_example.c:154:6: warning: variable 'ourdata4' set but not used [-Wunused-but-set-variable]
  u32 ourdata4[8192];
      ^~~~~~~~
../src/xgpio_example.c:153:6: warning: variable 'ourdata3' set but not used [-Wunused-but-set-variable]
  u32 ourdata3[8191];
      ^~~~~~~~
../src/xgpio_example.c:152:6: warning: variable 'ourdata2' set but not used [-Wunused-but-set-variable]
  u32 ourdata2[8191];
      ^~~~~~~~
../src/xgpio_example.c:151:6: warning: variable 'ourdata1' set but not used [-Wunused-but-set-variable]
  u32 ourdata1[8191];
      ^~~~~~~~
../src/xgpio_example.c:149:15: warning: unused variable 'Delay' [-Wunused-variable]
  volatile int Delay;
               ^~~~~
'Finished building: ../src/xgpio_example.c'
' '
'Building target: pleaseplease_bsp_xgpio_example_2.elf'
'Invoking: ARM v7 gcc linker'
arm-none-eabi-gcc -mcpu=cortex-a9 -mfpu=vfpv3 -mfloat-abi=hard -Wl,-build-id=none -specs=Xilinx.spec -Wl,-T -Wl,../src/lscript.ld -L../../pleaseplease_bsp/ps7_cortexa9_0/lib -o "pleaseplease_bsp_xgpio_example_2.elf"  ./src/xgpio_example.o   -Wl,--start-group,-lxil,-lgcc,-lc,--end-group
'Finished building target: pleaseplease_bsp_xgpio_example_2.elf'
' '
'Invoking: ARM v7 Print Size'
arm-none-eabi-size pleaseplease_bsp_xgpio_example_2.elf  |tee "pleaseplease_bsp_xgpio_example_2.elf.size"
   text	   data	    bss	    dec	    hex	filename
  23824	   1204	  22632	  47660	   ba2c	pleaseplease_bsp_xgpio_example_2.elf
'Finished building: pleaseplease_bsp_xgpio_example_2.elf.size'
' '
18:50:50 **** Auto Build of configuration Debug for project pleaseplease_bsp_xgpio_example_2 ****
make pre-build main-build 
a9-linaro-pre-build-step
' '
'Building file: ../src/xgpio_example.c'
'Invoking: ARM v7 gcc compiler'
arm-none-eabi-gcc -Wall -O0 -g3 -c -fmessage-length=0 -MT"src/xgpio_example.o" -mcpu=cortex-a9 -mfpu=vfpv3 -mfloat-abi=hard -I../../pleaseplease_bsp/ps7_cortexa9_0/include -MMD -MP -MF"src/xgpio_example.d" -MT"src/xgpio_example.o" -o "src/xgpio_example.o" "../src/xgpio_example.c"
../src/xgpio_example.c: In function 'main':
../src/xgpio_example.c:156:6: warning: variable 'ourdata6' set but not used [-Wunused-but-set-variable]
  u32 ourdata6[8192];
      ^~~~~~~~
../src/xgpio_example.c:155:6: warning: variable 'ourdata5' set but not used [-Wunused-but-set-variable]
  u32 ourdata5[8192];
      ^~~~~~~~
../src/xgpio_example.c:154:6: warning: variable 'ourdata4' set but not used [-Wunused-but-set-variable]
  u32 ourdata4[8192];
      ^~~~~~~~
../src/xgpio_example.c:153:6: warning: variable 'ourdata3' set but not used [-Wunused-but-set-variable]
  u32 ourdata3[8191];
      ^~~~~~~~
../src/xgpio_example.c:152:6: warning: variable 'ourdata2' set but not used [-Wunused-but-set-variable]
  u32 ourdata2[8191];
      ^~~~~~~~
../src/xgpio_example.c:151:6: warning: variable 'ourdata1' set but not used [-Wunused-but-set-variable]
  u32 ourdata1[4096];
      ^~~~~~~~
../src/xgpio_example.c:149:15: warning: unused variable 'Delay' [-Wunused-variable]
  volatile int Delay;
               ^~~~~
'Finished building: ../src/xgpio_example.c'
' '
'Building target: pleaseplease_bsp_xgpio_example_2.elf'
'Invoking: ARM v7 gcc linker'
arm-none-eabi-gcc -mcpu=cortex-a9 -mfpu=vfpv3 -mfloat-abi=hard -Wl,-build-id=none -specs=Xilinx.spec -Wl,-T -Wl,../src/lscript.ld -L../../pleaseplease_bsp/ps7_cortexa9_0/lib -o "pleaseplease_bsp_xgpio_example_2.elf"  ./src/xgpio_example.o   -Wl,--start-group,-lxil,-lgcc,-lc,--end-group
'Finished building target: pleaseplease_bsp_xgpio_example_2.elf'
' '
'Invoking: ARM v7 Print Size'
arm-none-eabi-size pleaseplease_bsp_xgpio_example_2.elf  |tee "pleaseplease_bsp_xgpio_example_2.elf.size"
   text	   data	    bss	    dec	    hex	filename
  23824	   1204	  22632	  47660	   ba2c	pleaseplease_bsp_xgpio_example_2.elf
'Finished building: pleaseplease_bsp_xgpio_example_2.elf.size'
' '
18:51:00 **** Auto Build of configuration Debug for project pleaseplease_bsp_xgpio_example_2 ****
make pre-build main-build 
a9-linaro-pre-build-step
' '
'Building file: ../src/xgpio_example.c'
'Invoking: ARM v7 gcc compiler'
arm-none-eabi-gcc -Wall -O0 -g3 -c -fmessage-length=0 -MT"src/xgpio_example.o" -mcpu=cortex-a9 -mfpu=vfpv3 -mfloat-abi=hard -I../../pleaseplease_bsp/ps7_cortexa9_0/include -MMD -MP -MF"src/xgpio_example.d" -MT"src/xgpio_example.o" -o "src/xgpio_example.o" "../src/xgpio_example.c"
../src/xgpio_example.c: In function 'main':
../src/xgpio_example.c:156:6: warning: variable 'ourdata6' set but not used [-Wunused-but-set-variable]
  u32 ourdata6[8192];
      ^~~~~~~~
../src/xgpio_example.c:155:6: warning: variable 'ourdata5' set but not used [-Wunused-but-set-variable]
  u32 ourdata5[8192];
      ^~~~~~~~
../src/xgpio_example.c:154:6: warning: variable 'ourdata4' set but not used [-Wunused-but-set-variable]
  u32 ourdata4[8192];
      ^~~~~~~~
../src/xgpio_example.c:153:6: warning: variable 'ourdata3' set but not used [-Wunused-but-set-variable]
  u32 ourdata3[8191];
      ^~~~~~~~
../src/xgpio_example.c:152:6: warning: variable 'ourdata2' set but not used [-Wunused-but-set-variable]
  u32 ourdata2[8191];
      ^~~~~~~~
../src/xgpio_example.c:151:6: warning: variable 'ourdata1' set but not used [-Wunused-but-set-variable]
  u32 ourdata1[2048];
      ^~~~~~~~
../src/xgpio_example.c:149:15: warning: unused variable 'Delay' [-Wunused-variable]
  volatile int Delay;
               ^~~~~
'Finished building: ../src/xgpio_example.c'
' '
'Building target: pleaseplease_bsp_xgpio_example_2.elf'
'Invoking: ARM v7 gcc linker'
arm-none-eabi-gcc -mcpu=cortex-a9 -mfpu=vfpv3 -mfloat-abi=hard -Wl,-build-id=none -specs=Xilinx.spec -Wl,-T -Wl,../src/lscript.ld -L../../pleaseplease_bsp/ps7_cortexa9_0/lib -o "pleaseplease_bsp_xgpio_example_2.elf"  ./src/xgpio_example.o   -Wl,--start-group,-lxil,-lgcc,-lc,--end-group
'Finished building target: pleaseplease_bsp_xgpio_example_2.elf'
' '
'Invoking: ARM v7 Print Size'
arm-none-eabi-size pleaseplease_bsp_xgpio_example_2.elf  |tee "pleaseplease_bsp_xgpio_example_2.elf.size"
   text	   data	    bss	    dec	    hex	filename
  23824	   1204	  22632	  47660	   ba2c	pleaseplease_bsp_xgpio_example_2.elf
'Finished building: pleaseplease_bsp_xgpio_example_2.elf.size'
' '
18:51:17 **** Auto Build of configuration Debug for project pleaseplease_bsp_xgpio_example_2 ****
make pre-build main-build 
a9-linaro-pre-build-step
' '
'Building file: ../src/xgpio_example.c'
'Invoking: ARM v7 gcc compiler'
arm-none-eabi-gcc -Wall -O0 -g3 -c -fmessage-length=0 -MT"src/xgpio_example.o" -mcpu=cortex-a9 -mfpu=vfpv3 -mfloat-abi=hard -I../../pleaseplease_bsp/ps7_cortexa9_0/include -MMD -MP -MF"src/xgpio_example.d" -MT"src/xgpio_example.o" -o "src/xgpio_example.o" "../src/xgpio_example.c"
../src/xgpio_example.c: In function 'main':
../src/xgpio_example.c:156:6: warning: variable 'ourdata6' set but not used [-Wunused-but-set-variable]
  u32 ourdata6[8192];
      ^~~~~~~~
../src/xgpio_example.c:155:6: warning: variable 'ourdata5' set but not used [-Wunused-but-set-variable]
  u32 ourdata5[8192];
      ^~~~~~~~
../src/xgpio_example.c:154:6: warning: variable 'ourdata4' set but not used [-Wunused-but-set-variable]
  u32 ourdata4[8192];
      ^~~~~~~~
../src/xgpio_example.c:153:6: warning: variable 'ourdata3' set but not used [-Wunused-but-set-variable]
  u32 ourdata3[8191];
      ^~~~~~~~
../src/xgpio_example.c:152:6: warning: variable 'ourdata2' set but not used [-Wunused-but-set-variable]
  u32 ourdata2[8191];
      ^~~~~~~~
../src/xgpio_example.c:151:6: warning: variable 'ourdata1' set but not used [-Wunused-but-set-variable]
  u32 ourdata1[2048];
      ^~~~~~~~
../src/xgpio_example.c:149:15: warning: unused variable 'Delay' [-Wunused-variable]
  volatile int Delay;
               ^~~~~
'Finished building: ../src/xgpio_example.c'
' '
'Building target: pleaseplease_bsp_xgpio_example_2.elf'
'Invoking: ARM v7 gcc linker'
arm-none-eabi-gcc -mcpu=cortex-a9 -mfpu=vfpv3 -mfloat-abi=hard -Wl,-build-id=none -specs=Xilinx.spec -Wl,-T -Wl,../src/lscript.ld -L../../pleaseplease_bsp/ps7_cortexa9_0/lib -o "pleaseplease_bsp_xgpio_example_2.elf"  ./src/xgpio_example.o   -Wl,--start-group,-lxil,-lgcc,-lc,--end-group
'Finished building target: pleaseplease_bsp_xgpio_example_2.elf'
' '
'Invoking: ARM v7 Print Size'
arm-none-eabi-size pleaseplease_bsp_xgpio_example_2.elf  |tee "pleaseplease_bsp_xgpio_example_2.elf.size"
   text	   data	    bss	    dec	    hex	filename
  23824	   1204	  22632	  47660	   ba2c	pleaseplease_bsp_xgpio_example_2.elf
'Finished building: pleaseplease_bsp_xgpio_example_2.elf.size'
' '
18:52:24 **** Auto Build of configuration Debug for project pleaseplease_bsp_xgpio_example_2 ****
make pre-build main-build 
a9-linaro-pre-build-step
' '
'Building file: ../src/xgpio_example.c'
'Invoking: ARM v7 gcc compiler'
arm-none-eabi-gcc -Wall -O0 -g3 -c -fmessage-length=0 -MT"src/xgpio_example.o" -mcpu=cortex-a9 -mfpu=vfpv3 -mfloat-abi=hard -I../../pleaseplease_bsp/ps7_cortexa9_0/include -MMD -MP -MF"src/xgpio_example.d" -MT"src/xgpio_example.o" -o "src/xgpio_example.o" "../src/xgpio_example.c"
../src/xgpio_example.c: In function 'main':
../src/xgpio_example.c:151:6: warning: variable 'ourdata1' set but not used [-Wunused-but-set-variable]
  u32 ourdata1[2048];
      ^~~~~~~~
../src/xgpio_example.c:149:15: warning: unused variable 'Delay' [-Wunused-variable]
  volatile int Delay;
               ^~~~~
'Finished building: ../src/xgpio_example.c'
' '
'Building target: pleaseplease_bsp_xgpio_example_2.elf'
'Invoking: ARM v7 gcc linker'
arm-none-eabi-gcc -mcpu=cortex-a9 -mfpu=vfpv3 -mfloat-abi=hard -Wl,-build-id=none -specs=Xilinx.spec -Wl,-T -Wl,../src/lscript.ld -L../../pleaseplease_bsp/ps7_cortexa9_0/lib -o "pleaseplease_bsp_xgpio_example_2.elf"  ./src/xgpio_example.o   -Wl,--start-group,-lxil,-lgcc,-lc,--end-group
'Finished building target: pleaseplease_bsp_xgpio_example_2.elf'
' '
'Invoking: ARM v7 Print Size'
arm-none-eabi-size pleaseplease_bsp_xgpio_example_2.elf  |tee "pleaseplease_bsp_xgpio_example_2.elf.size"
   text	   data	    bss	    dec	    hex	filename
  23568	   1204	  22632	  47404	   b92c	pleaseplease_bsp_xgpio_example_2.elf
'Finished building: pleaseplease_bsp_xgpio_example_2.elf.size'
' '
18:52:54 **** Auto Build of configuration Debug for project pleaseplease_bsp_xgpio_example_2 ****
make pre-build main-build 
a9-linaro-pre-build-step
' '
'Building file: ../src/xgpio_example.c'
'Invoking: ARM v7 gcc compiler'
arm-none-eabi-gcc -Wall -O0 -g3 -c -fmessage-length=0 -MT"src/xgpio_example.o" -mcpu=cortex-a9 -mfpu=vfpv3 -mfloat-abi=hard -I../../pleaseplease_bsp/ps7_cortexa9_0/include -MMD -MP -MF"src/xgpio_example.d" -MT"src/xgpio_example.o" -o "src/xgpio_example.o" "../src/xgpio_example.c"
../src/xgpio_example.c: In function 'main':
../src/xgpio_example.c:151:6: warning: variable 'ourdata1' set but not used [-Wunused-but-set-variable]
  u32 ourdata1[1024];
      ^~~~~~~~
../src/xgpio_example.c:149:15: warning: unused variable 'Delay' [-Wunused-variable]
  volatile int Delay;
               ^~~~~
'Finished building: ../src/xgpio_example.c'
' '
'Building target: pleaseplease_bsp_xgpio_example_2.elf'
'Invoking: ARM v7 gcc linker'
arm-none-eabi-gcc -mcpu=cortex-a9 -mfpu=vfpv3 -mfloat-abi=hard -Wl,-build-id=none -specs=Xilinx.spec -Wl,-T -Wl,../src/lscript.ld -L../../pleaseplease_bsp/ps7_cortexa9_0/lib -o "pleaseplease_bsp_xgpio_example_2.elf"  ./src/xgpio_example.o   -Wl,--start-group,-lxil,-lgcc,-lc,--end-group
'Finished building target: pleaseplease_bsp_xgpio_example_2.elf'
' '
'Invoking: ARM v7 Print Size'
arm-none-eabi-size pleaseplease_bsp_xgpio_example_2.elf  |tee "pleaseplease_bsp_xgpio_example_2.elf.size"
   text	   data	    bss	    dec	    hex	filename
  23568	   1204	  22632	  47404	   b92c	pleaseplease_bsp_xgpio_example_2.elf
'Finished building: pleaseplease_bsp_xgpio_example_2.elf.size'
' '
18:53:24 **** Auto Build of configuration Debug for project pleaseplease_bsp_xgpio_example_2 ****
make pre-build main-build 
a9-linaro-pre-build-step
' '
'Building file: ../src/xgpio_example.c'
'Invoking: ARM v7 gcc compiler'
[...]
'Finished building target: final_001.elf'
' '
'Invoking: ARM v7 Print Size'
arm-none-eabi-size final_001.elf  |tee "final_001.elf.size"
   text	   data	    bss	    dec	    hex	filename
 176664	 395884	3359920	3932468	 3c0134	final_001.elf
'Finished building: final_001.elf.size'
' '
20:29:35 **** Auto Build of configuration Debug for project final ****
make pre-build main-build 
a9-linaro-pre-build-step
' '
'Building file: ../src/xgpio_example.c'
'Invoking: ARM v7 gcc compiler'
arm-none-eabi-gcc -Wall -O0 -g3 -c -fmessage-length=0 -MT"src/xgpio_example.o" -mcpu=cortex-a9 -mfpu=vfpv3 -mfloat-abi=hard -I../../final_bsp/ps7_cortexa9_0/include -MMD -MP -MF"src/xgpio_example.d" -MT"src/xgpio_example.o" -o "src/xgpio_example.o" "../src/xgpio_example.c"
../src/xgpio_example.c: In function 'main':
../src/xgpio_example.c:160:6: warning: variable 'ourdata6' set but not used [-Wunused-but-set-variable]
  u32 ourdata6[8192];
      ^~~~~~~~
../src/xgpio_example.c:159:6: warning: variable 'ourdata5' set but not used [-Wunused-but-set-variable]
  u32 ourdata5[8192];
      ^~~~~~~~
../src/xgpio_example.c:158:6: warning: variable 'ourdata4' set but not used [-Wunused-but-set-variable]
  u32 ourdata4[8192];
      ^~~~~~~~
../src/xgpio_example.c:157:6: warning: variable 'ourdata3' set but not used [-Wunused-but-set-variable]
  u32 ourdata3[8192];
      ^~~~~~~~
../src/xgpio_example.c:156:6: warning: variable 'ourdata2' set but not used [-Wunused-but-set-variable]
  u32 ourdata2[8192];
      ^~~~~~~~
../src/xgpio_example.c:155:6: warning: variable 'ourdata1' set but not used [-Wunused-but-set-variable]
  u32 ourdata1[8192];
      ^~~~~~~~
../src/xgpio_example.c:153:15: warning: unused variable 'Delay' [-Wunused-variable]
  volatile int Delay;
               ^~~~~
'Finished building: ../src/xgpio_example.c'
' '
'Building target: final.elf'
'Invoking: ARM v7 gcc linker'
arm-none-eabi-gcc -mcpu=cortex-a9 -mfpu=vfpv3 -mfloat-abi=hard -Wl,-build-id=none -specs=Xilinx.spec -Wl,-T -Wl,../src/lscript.ld -L../../final_bsp/ps7_cortexa9_0/lib -o "final.elf"  ./src/platform.o ./src/xgpio_example.o   -Wl,--start-group,-lxil,-lgcc,-lc,--end-group
'Finished building target: final.elf'
' '
'Invoking: ARM v7 Print Size'
arm-none-eabi-size final.elf  |tee "final.elf.size"
   text	   data	    bss	    dec	    hex	filename
  75080	   2636	 269152	 346868	  54af4	final.elf
'Finished building: final.elf.size'
' '
20:30:38 **** Incremental Build of configuration Debug for project final_001 ****
make pre-build main-build 
a9-linaro-pre-build-step
' '
make: Nothing to be done for `main-build'.
20:31:16 **** Incremental Build of configuration Debug for project final_001 ****
make pre-build main-build 
a9-linaro-pre-build-step
' '
make: Nothing to be done for `main-build'.
20:32:11 **** Auto Build of configuration Debug for project final_001 ****
make pre-build main-build 
a9-linaro-pre-build-step
' '
'Building target: final_001.elf'
'Invoking: ARM v7 gcc linker'
arm-none-eabi-gcc -mcpu=cortex-a9 -mfpu=vfpv3 -mfloat-abi=hard -Wl,-build-id=none -specs=Xilinx.spec -Wl,-T -Wl,../src/lscript.ld -L../../final_001_bsp/ps7_cortexa9_0/lib -o "final_001.elf"  ./src/anyNonFinite.o ./src/cosd.o ./src/diag.o ./src/eig.o ./src/exp.o ./src/fft.o ./src/fliplr.o ./src/located.o ./src/located_emxAPI.o ./src/located_emxutil.o ./src/located_initialize.o ./src/located_rtwutil.o ./src/located_terminate.o ./src/main.o ./src/mean.o ./src/mod.o ./src/platform.o ./src/recip.o ./src/relop.o ./src/rtGetInf.o ./src/rtGetNaN.o ./src/rt_nonfinite.o ./src/schur.o ./src/sind.o ./src/sort1.o ./src/sqrt.o ./src/xdlapy3.o ./src/xgehrd.o ./src/xgerc.o ./src/xhseqr.o ./src/xnrm2.o ./src/xscal.o ./src/xungorghr.o ./src/xzggbal.o ./src/xzggev.o ./src/xzhgeqz.o ./src/xzhseqr.o ./src/xzlarfg.o ./src/xzlartg.o ./src/xztgevc.o   -lm -Wl,--start-group,-lxil,-lgcc,-lc,--end-group
'Finished building target: final_001.elf'
' '
'Invoking: ARM v7 Print Size'
arm-none-eabi-size final_001.elf  |tee "final_001.elf.size"
   text	   data	    bss	    dec	    hex	filename
 176664	 395884	3605680	4178228	 3fc134	final_001.elf
'Finished building: final_001.elf.size'
' '
20:32:15 **** Incremental Build of configuration Debug for project final_001 ****
make pre-build main-build 
a9-linaro-pre-build-step
' '
make: Nothing to be done for `main-build'.
20:33:24 **** Incremental Build of configuration Debug for project final_001 ****
make pre-build main-build 
a9-linaro-pre-build-step
' '
make: Nothing to be done for `main-build'.
20:35:34 **** Auto Build of configuration Debug for project final_001 ****
make pre-build main-build 
a9-linaro-pre-build-step
' '
'Building file: ../src/main.c'
'Invoking: ARM v7 gcc compiler'
arm-none-eabi-gcc -Wall -O0 -g3 -c -fmessage-length=0 -MT"src/main.o" -mcpu=cortex-a9 -mfpu=vfpv3 -mfloat-abi=hard -I../../final_001_bsp/ps7_cortexa9_0/include -MMD -MP -MF"src/main.d" -MT"src/main.o" -o "src/main.o" "../src/main.c"
../src/main.c:136:11: warning: 'servo_com' defined but not used [-Wunused-variable]
 static u8 servo_com[16]="#1P"; // servo's first part of command
           ^~~~~~~~~
'Finished building: ../src/main.c'
' '
'Building target: final_001.elf'
'Invoking: ARM v7 gcc linker'
arm-none-eabi-gcc -mcpu=cortex-a9 -mfpu=vfpv3 -mfloat-abi=hard -Wl,-build-id=none -specs=Xilinx.spec -Wl,-T -Wl,../src/lscript.ld -L../../final_001_bsp/ps7_cortexa9_0/lib -o "final_001.elf"  ./src/anyNonFinite.o ./src/cosd.o ./src/diag.o ./src/eig.o ./src/exp.o ./src/fft.o ./src/fliplr.o ./src/located.o ./src/located_emxAPI.o ./src/located_emxutil.o ./src/located_initialize.o ./src/located_rtwutil.o ./src/located_terminate.o ./src/main.o ./src/mean.o ./src/mod.o ./src/platform.o ./src/recip.o ./src/relop.o ./src/rtGetInf.o ./src/rtGetNaN.o ./src/rt_nonfinite.o ./src/schur.o ./src/sind.o ./src/sort1.o ./src/sqrt.o ./src/xdlapy3.o ./src/xgehrd.o ./src/xgerc.o ./src/xhseqr.o ./src/xnrm2.o ./src/xscal.o ./src/xungorghr.o ./src/xzggbal.o ./src/xzggev.o ./src/xzhgeqz.o ./src/xzhseqr.o ./src/xzlarfg.o ./src/xzlartg.o ./src/xztgevc.o   -lm -Wl,--start-group,-lxil,-lgcc,-lc,--end-group
'Finished building target: final_001.elf'
' '
'Invoking: ARM v7 Print Size'
arm-none-eabi-size final_001.elf  |tee "final_001.elf.size"
   text	   data	    bss	    dec	    hex	filename
 176664	 395884	3605680	4178228	 3fc134	final_001.elf
'Finished building: final_001.elf.size'
' '
20:37:51 **** Auto Build of configuration Debug for project final_001 ****
make pre-build main-build 
a9-linaro-pre-build-step
' '
'Building file: ../src/main.c'
'Invoking: ARM v7 gcc compiler'
arm-none-eabi-gcc -Wall -O0 -g3 -c -fmessage-length=0 -MT"src/main.o" -mcpu=cortex-a9 -mfpu=vfpv3 -mfloat-abi=hard -I../../final_001_bsp/ps7_cortexa9_0/include -MMD -MP -MF"src/main.d" -MT"src/main.o" -o "src/main.o" "../src/main.c"
../src/main.c: In function 'argInit_6x8192_real_T':
../src/main.c:162:40: error: 'indx1' undeclared (first use in this function)
       result[idx0 + 6 * idx1]=ourdata6[indx1];
                                        ^~~~~
../src/main.c:162:40: note: each undeclared identifier is reported only once for each function it appears in
At top level:
../src/main.c:136:11: warning: 'servo_com' defined but not used [-Wunused-variable]
 static u8 servo_com[16]="#1P"; // servo's first part of command
           ^~~~~~~~~
make: *** [src/main.o] ´íÎó 1
20:38:06 **** Auto Build of configuration Debug for project final_001 ****
make pre-build main-build 
a9-linaro-pre-build-step
' '
'Building file: ../src/main.c'
'Invoking: ARM v7 gcc compiler'
arm-none-eabi-gcc -Wall -O0 -g3 -c -fmessage-length=0 -MT"src/main.o" -mcpu=cortex-a9 -mfpu=vfpv3 -mfloat-abi=hard -I../../final_001_bsp/ps7_cortexa9_0/include -MMD -MP -MF"src/main.d" -MT"src/main.o" -o "src/main.o" "../src/main.c"
../src/main.c:136:11: warning: 'servo_com' defined but not used [-Wunused-variable]
 static u8 servo_com[16]="#1P"; // servo's first part of command
           ^~~~~~~~~
'Finished building: ../src/main.c'
' '
'Building target: final_001.elf'
'Invoking: ARM v7 gcc linker'
arm-none-eabi-gcc -mcpu=cortex-a9 -mfpu=vfpv3 -mfloat-abi=hard -Wl,-build-id=none -specs=Xilinx.spec -Wl,-T -Wl,../src/lscript.ld -L../../final_001_bsp/ps7_cortexa9_0/lib -o "final_001.elf"  ./src/anyNonFinite.o ./src/cosd.o ./src/diag.o ./src/eig.o ./src/exp.o ./src/fft.o ./src/fliplr.o ./src/located.o ./src/located_emxAPI.o ./src/located_emxutil.o ./src/located_initialize.o ./src/located_rtwutil.o ./src/located_terminate.o ./src/main.o ./src/mean.o ./src/mod.o ./src/platform.o ./src/recip.o ./src/relop.o ./src/rtGetInf.o ./src/rtGetNaN.o ./src/rt_nonfinite.o ./src/schur.o ./src/sind.o ./src/sort1.o ./src/sqrt.o ./src/xdlapy3.o ./src/xgehrd.o ./src/xgerc.o ./src/xhseqr.o ./src/xnrm2.o ./src/xscal.o ./src/xungorghr.o ./src/xzggbal.o ./src/xzggev.o ./src/xzhgeqz.o ./src/xzhseqr.o ./src/xzlarfg.o ./src/xzlartg.o ./src/xztgevc.o   -lm -Wl,--start-group,-lxil,-lgcc,-lc,--end-group
'Finished building target: final_001.elf'
' '
'Invoking: ARM v7 Print Size'
arm-none-eabi-size final_001.elf  |tee "final_001.elf.size"
   text	   data	    bss	    dec	    hex	filename
 176984	 395884	3605680	4178548	 3fc274	final_001.elf
'Finished building: final_001.elf.size'
' '
20:38:28 **** Auto Build of configuration Debug for project final_001 ****
make pre-build main-build 
a9-linaro-pre-build-step
' '
'Building file: ../src/main.c'
'Invoking: ARM v7 gcc compiler'
arm-none-eabi-gcc -Wall -O0 -g3 -c -fmessage-length=0 -MT"src/main.o" -mcpu=cortex-a9 -mfpu=vfpv3 -mfloat-abi=hard -I../../final_001_bsp/ps7_cortexa9_0/include -MMD -MP -MF"src/main.d" -MT"src/main.o" -o "src/main.o" "../src/main.c"
../src/main.c: In function 'main_located':
../src/main.c:198:6: error: 'index_selectdata' undeclared (first use in this function)
   if(index_selectdata==0)
      ^~~~~~~~~~~~~~~~
../src/main.c:198:6: note: each undeclared identifier is reported only once for each function it appears in
../src/main.c: In function 'main':
../src/main.c:265:5: error: 'index_selectdata' undeclared (first use in this function)
     index_selectdata=~index_selectdata;
     ^~~~~~~~~~~~~~~~
At top level:
../src/main.c:135:11: warning: 'servo_com' defined but not used [-Wunused-variable]
 static u8 servo_com[16]="#1P"; // servo's first part of command
           ^~~~~~~~~
make: *** [src/main.o] ´íÎó 1
20:39:53 **** Auto Build of configuration Debug for project final_001 ****
make pre-build main-build 
a9-linaro-pre-build-step
' '
'Building file: ../src/main.c'
'Invoking: ARM v7 gcc compiler'
arm-none-eabi-gcc -Wall -O0 -g3 -c -fmessage-length=0 -MT"src/main.o" -mcpu=cortex-a9 -mfpu=vfpv3 -mfloat-abi=hard -I../../final_001_bsp/ps7_cortexa9_0/include -MMD -MP -MF"src/main.d" -MT"src/main.o" -o "src/main.o" "../src/main.c"
../src/main.c: In function 'main':
../src/main.c:264:5: error: 'index_selectdata' undeclared (first use in this function)
     index_selectdata=~index_selectdata;
     ^~~~~~~~~~~~~~~~
../src/main.c:264:5: note: each undeclared identifier is reported only once for each function it appears in
At top level:
../src/main.c:135:11: warning: 'servo_com' defined but not used [-Wunused-variable]
 static u8 servo_com[16]="#1P"; // servo's first part of command
           ^~~~~~~~~
make: *** [src/main.o] ´íÎó 1
20:40:01 **** Auto Build of configuration Debug for project final_001 ****
make pre-build main-build 
a9-linaro-pre-build-step
' '
'Building file: ../src/main.c'
'Invoking: ARM v7 gcc compiler'
arm-none-eabi-gcc -Wall -O0 -g3 -c -fmessage-length=0 -MT"src/main.o" -mcpu=cortex-a9 -mfpu=vfpv3 -mfloat-abi=hard -I../../final_001_bsp/ps7_cortexa9_0/include -MMD -MP -MF"src/main.d" -MT"src/main.o" -o "src/main.o" "../src/main.c"
../src/main.c: In function 'main':
../src/main.c:262:5: error: 'index_selectdata' undeclared (first use in this function)
     index_selectdata=~index_selectdata;
     ^~~~~~~~~~~~~~~~
../src/main.c:262:5: note: each undeclared identifier is reported only once for each function it appears in
At top level:
../src/main.c:135:11: warning: 'servo_com' defined but not used [-Wunused-variable]
 static u8 servo_com[16]="#1P"; // servo's first part of command
           ^~~~~~~~~
make: *** [src/main.o] ´íÎó 1
20:40:09 **** Auto Build of configuration Debug for project final_001 ****
make pre-build main-build 
a9-linaro-pre-build-step
' '
'Building file: ../src/main.c'
'Invoking: ARM v7 gcc compiler'
arm-none-eabi-gcc -Wall -O0 -g3 -c -fmessage-length=0 -MT"src/main.o" -mcpu=cortex-a9 -mfpu=vfpv3 -mfloat-abi=hard -I../../final_001_bsp/ps7_cortexa9_0/include -MMD -MP -MF"src/main.d" -MT"src/main.o" -o "src/main.o" "../src/main.c"
../src/main.c:135:11: warning: 'servo_com' defined but not used [-Wunused-variable]
 static u8 servo_com[16]="#1P"; // servo's first part of command
           ^~~~~~~~~
'Finished building: ../src/main.c'
' '
'Building target: final_001.elf'
'Invoking: ARM v7 gcc linker'
arm-none-eabi-gcc -mcpu=cortex-a9 -mfpu=vfpv3 -mfloat-abi=hard -Wl,-build-id=none -specs=Xilinx.spec -Wl,-T -Wl,../src/lscript.ld -L../../final_001_bsp/ps7_cortexa9_0/lib -o "final_001.elf"  ./src/anyNonFinite.o ./src/cosd.o ./src/diag.o ./src/eig.o ./src/exp.o ./src/fft.o ./src/fliplr.o ./src/located.o ./src/located_emxAPI.o ./src/located_emxutil.o ./src/located_initialize.o ./src/located_rtwutil.o ./src/located_terminate.o ./src/main.o ./src/mean.o ./src/mod.o ./src/platform.o ./src/recip.o ./src/relop.o ./src/rtGetInf.o ./src/rtGetNaN.o ./src/rt_nonfinite.o ./src/schur.o ./src/sind.o ./src/sort1.o ./src/sqrt.o ./src/xdlapy3.o ./src/xgehrd.o ./src/xgerc.o ./src/xhseqr.o ./src/xnrm2.o ./src/xscal.o ./src/xungorghr.o ./src/xzggbal.o ./src/xzggev.o ./src/xzhgeqz.o ./src/xzhseqr.o ./src/xzlarfg.o ./src/xzlartg.o ./src/xztgevc.o   -lm -Wl,--start-group,-lxil,-lgcc,-lc,--end-group
'Finished building target: final_001.elf'
' '
'Invoking: ARM v7 Print Size'
arm-none-eabi-size final_001.elf  |tee "final_001.elf.size"
   text	   data	    bss	    dec	    hex	filename
 176920	 395884	3605680	4178484	 3fc234	final_001.elf
'Finished building: final_001.elf.size'
' '
20:40:14 **** Incremental Build of configuration Debug for project final_001 ****
make pre-build main-build 
a9-linaro-pre-build-step
' '
make: Nothing to be done for `main-build'.
20:45:45 **** Auto Build of configuration Debug for project final_001 ****
make pre-build main-build 
a9-linaro-pre-build-step
' '
'Building file: ../src/main.c'
'Invoking: ARM v7 gcc compiler'
arm-none-eabi-gcc -Wall -O0 -g3 -c -fmessage-length=0 -MT"src/main.o" -mcpu=cortex-a9 -mfpu=vfpv3 -mfloat-abi=hard -I../../final_001_bsp/ps7_cortexa9_0/include -MMD -MP -MF"src/main.d" -MT"src/main.o" -o "src/main.o" "../src/main.c"
../src/main.c:135:11: warning: 'servo_com' defined but not used [-Wunused-variable]
 static u8 servo_com[16]="#1P"; // servo's first part of command
           ^~~~~~~~~
'Finished building: ../src/main.c'
' '
'Building target: final_001.elf'
'Invoking: ARM v7 gcc linker'
arm-none-eabi-gcc -mcpu=cortex-a9 -mfpu=vfpv3 -mfloat-abi=hard -Wl,-build-id=none -specs=Xilinx.spec -Wl,-T -Wl,../src/lscript.ld -L../../final_001_bsp/ps7_cortexa9_0/lib -o "final_001.elf"  ./src/anyNonFinite.o ./src/cosd.o ./src/diag.o ./src/eig.o ./src/exp.o ./src/fft.o ./src/fliplr.o ./src/located.o ./src/located_emxAPI.o ./src/located_emxutil.o ./src/located_initialize.o ./src/located_rtwutil.o ./src/located_terminate.o ./src/main.o ./src/mean.o ./src/mod.o ./src/platform.o ./src/recip.o ./src/relop.o ./src/rtGetInf.o ./src/rtGetNaN.o ./src/rt_nonfinite.o ./src/schur.o ./src/sind.o ./src/sort1.o ./src/sqrt.o ./src/xdlapy3.o ./src/xgehrd.o ./src/xgerc.o ./src/xhseqr.o ./src/xnrm2.o ./src/xscal.o ./src/xungorghr.o ./src/xzggbal.o ./src/xzggev.o ./src/xzhgeqz.o ./src/xzhseqr.o ./src/xzlarfg.o ./src/xzlartg.o ./src/xztgevc.o   -lm -Wl,--start-group,-lxil,-lgcc,-lc,--end-group
'Finished building target: final_001.elf'
' '
'Invoking: ARM v7 Print Size'
arm-none-eabi-size final_001.elf  |tee "final_001.elf.size"
   text	   data	    bss	    dec	    hex	filename
 176920	 395884	3605680	4178484	 3fc234	final_001.elf
'Finished building: final_001.elf.size'
' '
20:45:50 **** Incremental Build of configuration Debug for project final_001 ****
make pre-build main-build 
a9-linaro-pre-build-step
' '
make: Nothing to be done for `main-build'.
20:46:40 **** Auto Build of configuration Debug for project final_001 ****
make pre-build main-build 
a9-linaro-pre-build-step
' '
'Building file: ../src/main.c'
'Invoking: ARM v7 gcc compiler'
arm-none-eabi-gcc -Wall -O0 -g3 -c -fmessage-length=0 -MT"src/main.o" -mcpu=cortex-a9 -mfpu=vfpv3 -mfloat-abi=hard -I../../final_001_bsp/ps7_cortexa9_0/include -MMD -MP -MF"src/main.d" -MT"src/main.o" -o "src/main.o" "../src/main.c"
../src/main.c:58:20: error: expected ']' before ';' token
  u32 ourdata4[10000;
                    ^
make: *** [src/main.o] ´íÎó 1
20:46:42 **** Incremental Build of configuration Debug for project final_001 ****
make pre-build main-build 
a9-linaro-pre-build-step
' '
'Building file: ../src/main.c'
'Invoking: ARM v7 gcc compiler'
arm-none-eabi-gcc -Wall -O0 -g3 -c -fmessage-length=0 -MT"src/main.o" -mcpu=cortex-a9 -mfpu=vfpv3 -mfloat-abi=hard -I../../final_001_bsp/ps7_cortexa9_0/include -MMD -MP -MF"src/main.d" -MT"src/main.o" -o "src/main.o" "../src/main.c"
../src/main.c:58:20: error: expected ']' before ';' token
  u32 ourdata4[10000;
                    ^
make: *** [src/main.o] ´íÎó 1
20:46:50 **** Auto Build of configuration Debug for project final_001 ****
make pre-build main-build 
a9-linaro-pre-build-step
' '
'Building file: ../src/main.c'
'Invoking: ARM v7 gcc compiler'
arm-none-eabi-gcc -Wall -O0 -g3 -c -fmessage-length=0 -MT"src/main.o" -mcpu=cortex-a9 -mfpu=vfpv3 -mfloat-abi=hard -I../../final_001_bsp/ps7_cortexa9_0/include -MMD -MP -MF"src/main.d" -MT"src/main.o" -o "src/main.o" "../src/main.c"
../src/main.c:135:11: warning: 'servo_com' defined but not used [-Wunused-variable]
 static u8 servo_com[16]="#1P"; // servo's first part of command
           ^~~~~~~~~
'Finished building: ../src/main.c'
' '
'Building target: final_001.elf'
'Invoking: ARM v7 gcc linker'
arm-none-eabi-gcc -mcpu=cortex-a9 -mfpu=vfpv3 -mfloat-abi=hard -Wl,-build-id=none -specs=Xilinx.spec -Wl,-T -Wl,../src/lscript.ld -L../../final_001_bsp/ps7_cortexa9_0/lib -o "final_001.elf"  ./src/anyNonFinite.o ./src/cosd.o ./src/diag.o ./src/eig.o ./src/exp.o ./src/fft.o ./src/fliplr.o ./src/located.o ./src/located_emxAPI.o ./src/located_emxutil.o ./src/located_initialize.o ./src/located_rtwutil.o ./src/located_terminate.o ./src/main.o ./src/mean.o ./src/mod.o ./src/platform.o ./src/recip.o ./src/relop.o ./src/rtGetInf.o ./src/rtGetNaN.o ./src/rt_nonfinite.o ./src/schur.o ./src/sind.o ./src/sort1.o ./src/sqrt.o ./src/xdlapy3.o ./src/xgehrd.o ./src/xgerc.o ./src/xhseqr.o ./src/xnrm2.o ./src/xscal.o ./src/xungorghr.o ./src/xzggbal.o ./src/xzggev.o ./src/xzhgeqz.o ./src/xzhseqr.o ./src/xzlarfg.o ./src/xzlartg.o ./src/xztgevc.o   -lm -Wl,--start-group,-lxil,-lgcc,-lc,--end-group
'Finished building target: final_001.elf'
' '
'Invoking: ARM v7 Print Size'
arm-none-eabi-size final_001.elf  |tee "final_001.elf.size"
   text	   data	    bss	    dec	    hex	filename
 176920	 395884	3649072	4221876	 406bb4	final_001.elf
'Finished building: final_001.elf.size'
' '
20:46:54 **** Incremental Build of configuration Debug for project final_001 ****
make pre-build main-build 
a9-linaro-pre-build-step
' '
make: Nothing to be done for `main-build'.
